[    0.000000] Initializing cgroup subsys cpuset
[    0.000000] Initializing cgroup subsys cpu
[    0.000000] Linux version 3.2.0-59-generic (buildd@toyol) (gcc version 4.6.3 (Ubuntu/Linaro 4.6.3-1ubuntu5) ) #90-Ubuntu SMP Tue Jan 7 22:43:51 UTC 2014 (Ubuntu 3.2.0-59.90-generic 3.2.54)
[    0.000000] Command line: auto BOOT_IMAGE=Ubuntu root=801 root=/dev/sda1 ro
[    0.000000] KERNEL supported cpus:
[    0.000000]   Intel GenuineIntel
[    0.000000]   AMD AuthenticAMD
[    0.000000]   Centaur CentaurHauls
[    0.000000] BIOS-provided physical RAM map:
[    0.000000]  BIOS-e820: 0000000000000000 - 000000000009ec00 (usable)
[    0.000000]  BIOS-e820: 00000000000f0000 - 0000000000100000 (reserved)
[    0.000000]  BIOS-e820: 0000000000100000 - 00000000cfdff800 (usable)
[    0.000000]  BIOS-e820: 00000000cfdff800 - 00000000cfe53c00 (ACPI NVS)
[    0.000000]  BIOS-e820: 00000000cfe53c00 - 00000000cfe55c00 (ACPI data)
[    0.000000]  BIOS-e820: 00000000cfe55c00 - 00000000d0000000 (reserved)
[    0.000000]  BIOS-e820: 00000000e0000000 - 00000000f0000000 (reserved)
[    0.000000]  BIOS-e820: 00000000fec00000 - 00000000fed00400 (reserved)
[    0.000000]  BIOS-e820: 00000000fed20000 - 00000000feda0000 (reserved)
[    0.000000]  BIOS-e820: 00000000fee00000 - 00000000fef00000 (reserved)
[    0.000000]  BIOS-e820: 00000000ffb00000 - 0000000100000000 (reserved)
[    0.000000]  BIOS-e820: 0000000100000000 - 0000000128000000 (usable)
[    0.000000] NX (Execute Disable) protection: active
[    0.000000] SMBIOS 2.5 present.
[    0.000000] DMI: Dell Inc. OptiPlex 755                 /0GM819, BIOS A08 02/19/2008
[    0.000000] e820 update range: 0000000000000000 - 0000000000010000 (usable) ==> (reserved)
[    0.000000] e820 remove range: 00000000000a0000 - 0000000000100000 (usable)
[    0.000000] No AGP bridge found
[    0.000000] last_pfn = 0x128000 max_arch_pfn = 0x400000000
[    0.000000] MTRR default type: uncachable
[    0.000000] MTRR fixed ranges enabled:
[    0.000000]   00000-9FFFF write-back
[    0.000000]   A0000-BFFFF uncachable
[    0.000000]   C0000-D3FFF write-protect
[    0.000000]   D4000-EFFFF uncachable
[    0.000000]   F0000-FFFFF write-protect
[    0.000000] MTRR variable ranges enabled:
[    0.000000]   0 base 000000000 mask 000000000 write-back
[    0.000000]   1 base 0CFF00000 mask FFFF00000 uncachable
[    0.000000]   2 base 0D0000000 mask FF0000000 uncachable
[    0.000000]   3 base 0E0000000 mask FE0000000 uncachable
[    0.000000]   4 disabled
[    0.000000]   5 disabled
[    0.000000]   6 disabled
[    0.000000]   7 disabled
[    0.000000] x86 PAT enabled: cpu 0, old 0x7040600070406, new 0x7010600070106
[    0.000000] original variable MTRRs
[    0.000000] reg 0, base: 0GB, range: 64GB, type WB
[    0.000000] reg 1, base: 3327MB, range: 1MB, type UC
[    0.000000] reg 2, base: 3328MB, range: 256MB, type UC
[    0.000000] reg 3, base: 3584MB, range: 512MB, type UC
[    0.000000] total RAM covered: 64767M
[    0.000000]  gran_size: 64K 	chunk_size: 64K 	num_reg: 8  	lose cover RAM: 61443M
[    0.000000]  gran_size: 64K 	chunk_size: 128K 	num_reg: 8  	lose cover RAM: 61443M
[    0.000000]  gran_size: 64K 	chunk_size: 256K 	num_reg: 8  	lose cover RAM: 61443M
[    0.000000]  gran_size: 64K 	chunk_size: 512K 	num_reg: 8  	lose cover RAM: 61443M
[    0.000000]  gran_size: 64K 	chunk_size: 1M 	num_reg: 8  	lose cover RAM: 61443M
[    0.000000]  gran_size: 64K 	chunk_size: 2M 	num_reg: 8  	lose cover RAM: 0G
[    0.000000]  gran_size: 64K 	chunk_size: 4M 	num_reg: 8  	lose cover RAM: 0G
[    0.000000]  gran_size: 64K 	chunk_size: 8M 	num_reg: 8  	lose cover RAM: 0G
[    0.000000]  gran_size: 64K 	chunk_size: 16M 	num_reg: 8  	lose cover RAM: 0G
[    0.000000]  gran_size: 64K 	chunk_size: 32M 	num_reg: 8  	lose cover RAM: 0G
[    0.000000]  gran_size: 64K 	chunk_size: 64M 	num_reg: 8  	lose cover RAM: 0G
[    0.000000]  gran_size: 64K 	chunk_size: 128M 	num_reg: 8  	lose cover RAM: 0G
[    0.000000]  gran_size: 64K 	chunk_size: 256M 	num_reg: 8  	lose cover RAM: 0G
[    0.000000]  gran_size: 64K 	chunk_size: 512M 	num_reg: 8  	lose cover RAM: 32G
[    0.000000]  gran_size: 64K 	chunk_size: 1G 	num_reg: 8  	lose cover RAM: 0G
[    0.000000]  gran_size: 64K 	chunk_size: 2G 	num_reg: 8  	lose cover RAM: 0G
[    0.000000]  gran_size: 128K 	chunk_size: 128K 	num_reg: 8  	lose cover RAM: 61443M
[    0.000000]  gran_size: 128K 	chunk_size: 256K 	num_reg: 8  	lose cover RAM: 61443M
[    0.000000]  gran_size: 128K 	chunk_size: 512K 	num_reg: 8  	lose cover RAM: 61443M
[    0.000000]  gran_size: 128K 	chunk_size: 1M 	num_reg: 8  	lose cover RAM: 61443M
[    0.000000]  gran_size: 128K 	chunk_size: 2M 	num_reg: 8  	lose cover RAM: 0G
[    0.000000]  gran_size: 128K 	chunk_size: 4M 	num_reg: 8  	lose cover RAM: 0G
[    0.000000]  gran_size: 128K 	chunk_size: 8M 	num_reg: 8  	lose cover RAM: 0G
[    0.000000]  gran_size: 128K 	chunk_size: 16M 	num_reg: 8  	lose cover RAM: 0G
[    0.000000]  gran_size: 128K 	chunk_size: 32M 	num_reg: 8  	lose cover RAM: 0G
[    0.000000]  gran_size: 128K 	chunk_size: 64M 	num_reg: 8  	lose cover RAM: 0G
[    0.000000]  gran_size: 128K 	chunk_size: 128M 	num_reg: 8  	lose cover RAM: 0G
[    0.000000]  gran_size: 128K 	chunk_size: 256M 	num_reg: 8  	lose cover RAM: 0G
[    0.000000]  gran_size: 128K 	chunk_size: 512M 	num_reg: 8  	lose cover RAM: 32G
[    0.000000]  gran_size: 128K 	chunk_size: 1G 	num_reg: 8  	lose cover RAM: 0G
[    0.000000]  gran_size: 128K 	chunk_size: 2G 	num_reg: 8  	lose cover RAM: 0G
[    0.000000]  gran_size: 256K 	chunk_size: 256K 	num_reg: 8  	lose cover RAM: 61443M
[    0.000000]  gran_size: 256K 	chunk_size: 512K 	num_reg: 8  	lose cover RAM: 61443M
[    0.000000]  gran_size: 256K 	chunk_size: 1M 	num_reg: 8  	lose cover RAM: 61443M
[    0.000000]  gran_size: 256K 	chunk_size: 2M 	num_reg: 8  	lose cover RAM: 0G
[    0.000000]  gran_size: 256K 	chunk_size: 4M 	num_reg: 8  	lose cover RAM: 0G
[    0.000000]  gran_size: 256K 	chunk_size: 8M 	num_reg: 8  	lose cover RAM: 0G
[    0.000000]  gran_size: 256K 	chunk_size: 16M 	num_reg: 8  	lose cover RAM: 0G
[    0.000000]  gran_size: 256K 	chunk_size: 32M 	num_reg: 8  	lose cover RAM: 0G
[    0.000000]  gran_size: 256K 	chunk_size: 64M 	num_reg: 8  	lose cover RAM: 0G
[    0.000000]  gran_size: 256K 	chunk_size: 128M 	num_reg: 8  	lose cover RAM: 0G
[    0.000000]  gran_size: 256K 	chunk_size: 256M 	num_reg: 8  	lose cover RAM: 0G
[    0.000000]  gran_size: 256K 	chunk_size: 512M 	num_reg: 8  	lose cover RAM: 32G
[    0.000000]  gran_size: 256K 	chunk_size: 1G 	num_reg: 8  	lose cover RAM: 0G
[    0.000000]  gran_size: 256K 	chunk_size: 2G 	num_reg: 8  	lose cover RAM: 0G
[    0.000000]  gran_size: 512K 	chunk_size: 512K 	num_reg: 8  	lose cover RAM: 61443M
[    0.000000]  gran_size: 512K 	chunk_size: 1M 	num_reg: 8  	lose cover RAM: 61443M
[    0.000000]  gran_size: 512K 	chunk_size: 2M 	num_reg: 8  	lose cover RAM: 0G
[    0.000000]  gran_size: 512K 	chunk_size: 4M 	num_reg: 8  	lose cover RAM: 0G
[    0.000000]  gran_size: 512K 	chunk_size: 8M 	num_reg: 8  	lose cover RAM: 0G
[    0.000000]  gran_size: 512K 	chunk_size: 16M 	num_reg: 8  	lose cover RAM: 0G
[    0.000000]  gran_size: 512K 	chunk_size: 32M 	num_reg: 8  	lose cover RAM: 0G
[    0.000000]  gran_size: 512K 	chunk_size: 64M 	num_reg: 8  	lose cover RAM: 0G
[    0.000000]  gran_size: 512K 	chunk_size: 128M 	num_reg: 8  	lose cover RAM: 0G
[    0.000000]  gran_size: 512K 	chunk_size: 256M 	num_reg: 8  	lose cover RAM: 0G
[    0.000000]  gran_size: 512K 	chunk_size: 512M 	num_reg: 8  	lose cover RAM: 32G
[    0.000000]  gran_size: 512K 	chunk_size: 1G 	num_reg: 8  	lose cover RAM: 0G
[    0.000000]  gran_size: 512K 	chunk_size: 2G 	num_reg: 8  	lose cover RAM: 0G
[    0.000000]  gran_size: 1M 	chunk_size: 1M 	num_reg: 8  	lose cover RAM: 61443M
[    0.000000]  gran_size: 1M 	chunk_size: 2M 	num_reg: 8  	lose cover RAM: 0G
[    0.000000]  gran_size: 1M 	chunk_size: 4M 	num_reg: 8  	lose cover RAM: 0G
[    0.000000]  gran_size: 1M 	chunk_size: 8M 	num_reg: 8  	lose cover RAM: 0G
[    0.000000]  gran_size: 1M 	chunk_size: 16M 	num_reg: 8  	lose cover RAM: 0G
[    0.000000]  gran_size: 1M 	chunk_size: 32M 	num_reg: 8  	lose cover RAM: 0G
[    0.000000]  gran_size: 1M 	chunk_size: 64M 	num_reg: 8  	lose cover RAM: 0G
[    0.000000]  gran_size: 1M 	chunk_size: 128M 	num_reg: 8  	lose cover RAM: 0G
[    0.000000]  gran_size: 1M 	chunk_size: 256M 	num_reg: 8  	lose cover RAM: 0G
[    0.000000]  gran_size: 1M 	chunk_size: 512M 	num_reg: 8  	lose cover RAM: 32G
[    0.000000]  gran_size: 1M 	chunk_size: 1G 	num_reg: 8  	lose cover RAM: 0G
[    0.000000]  gran_size: 1M 	chunk_size: 2G 	num_reg: 8  	lose cover RAM: 0G
[    0.000000]  gran_size: 2M 	chunk_size: 2M 	num_reg: 8  	lose cover RAM: 61443M
[    0.000000]  gran_size: 2M 	chunk_size: 4M 	num_reg: 8  	lose cover RAM: 1M
[    0.000000]  gran_size: 2M 	chunk_size: 8M 	num_reg: 8  	lose cover RAM: 1M
[    0.000000]  gran_size: 2M 	chunk_size: 16M 	num_reg: 8  	lose cover RAM: 1M
[    0.000000]  gran_size: 2M 	chunk_size: 32M 	num_reg: 8  	lose cover RAM: 1M
[    0.000000]  gran_size: 2M 	chunk_size: 64M 	num_reg: 8  	lose cover RAM: 1M
[    0.000000]  gran_size: 2M 	chunk_size: 128M 	num_reg: 8  	lose cover RAM: 1M
[    0.000000]  gran_size: 2M 	chunk_size: 256M 	num_reg: 8  	lose cover RAM: 1M
[    0.000000]  gran_size: 2M 	chunk_size: 512M 	num_reg: 8  	lose cover RAM: 32769M
[    0.000000]  gran_size: 2M 	chunk_size: 1G 	num_reg: 8  	lose cover RAM: 1M
[    0.000000]  gran_size: 2M 	chunk_size: 2G 	num_reg: 8  	lose cover RAM: 1M
[    0.000000]  gran_size: 4M 	chunk_size: 4M 	num_reg: 8  	lose cover RAM: 61443M
[    0.000000]  gran_size: 4M 	chunk_size: 8M 	num_reg: 8  	lose cover RAM: 3M
[    0.000000]  gran_size: 4M 	chunk_size: 16M 	num_reg: 8  	lose cover RAM: 3M
[    0.000000]  gran_size: 4M 	chunk_size: 32M 	num_reg: 8  	lose cover RAM: 3M
[    0.000000]  gran_size: 4M 	chunk_size: 64M 	num_reg: 8  	lose cover RAM: 3M
[    0.000000]  gran_size: 4M 	chunk_size: 128M 	num_reg: 8  	lose cover RAM: 3M
[    0.000000]  gran_size: 4M 	chunk_size: 256M 	num_reg: 8  	lose cover RAM: 3M
[    0.000000]  gran_size: 4M 	chunk_size: 512M 	num_reg: 8  	lose cover RAM: 32771M
[    0.000000]  gran_size: 4M 	chunk_size: 1G 	num_reg: 8  	lose cover RAM: 3M
[    0.000000]  gran_size: 4M 	chunk_size: 2G 	num_reg: 8  	lose cover RAM: 3M
[    0.000000]  gran_size: 8M 	chunk_size: 8M 	num_reg: 8  	lose cover RAM: 57351M
[    0.000000]  gran_size: 8M 	chunk_size: 16M 	num_reg: 8  	lose cover RAM: 7M
[    0.000000]  gran_size: 8M 	chunk_size: 32M 	num_reg: 8  	lose cover RAM: 7M
[    0.000000]  gran_size: 8M 	chunk_size: 64M 	num_reg: 8  	lose cover RAM: 7M
[    0.000000]  gran_size: 8M 	chunk_size: 128M 	num_reg: 8  	lose cover RAM: 7M
[    0.000000]  gran_size: 8M 	chunk_size: 256M 	num_reg: 8  	lose cover RAM: 7M
[    0.000000]  gran_size: 8M 	chunk_size: 512M 	num_reg: 8  	lose cover RAM: 32775M
[    0.000000]  gran_size: 8M 	chunk_size: 1G 	num_reg: 8  	lose cover RAM: 7M
[    0.000000]  gran_size: 8M 	chunk_size: 2G 	num_reg: 8  	lose cover RAM: 7M
[    0.000000]  gran_size: 16M 	chunk_size: 16M 	num_reg: 8  	lose cover RAM: 49167M
[    0.000000]  gran_size: 16M 	chunk_size: 32M 	num_reg: 8  	lose cover RAM: 15M
[    0.000000]  gran_size: 16M 	chunk_size: 64M 	num_reg: 8  	lose cover RAM: 15M
[    0.000000]  gran_size: 16M 	chunk_size: 128M 	num_reg: 8  	lose cover RAM: 15M
[    0.000000]  gran_size: 16M 	chunk_size: 256M 	num_reg: 8  	lose cover RAM: 15M
[    0.000000]  gran_size: 16M 	chunk_size: 512M 	num_reg: 8  	lose cover RAM: 32783M
[    0.000000]  gran_size: 16M 	chunk_size: 1G 	num_reg: 8  	lose cover RAM: 15M
[    0.000000]  gran_size: 16M 	chunk_size: 2G 	num_reg: 8  	lose cover RAM: 15M
[    0.000000]  gran_size: 32M 	chunk_size: 32M 	num_reg: 8  	lose cover RAM: 32799M
[    0.000000]  gran_size: 32M 	chunk_size: 64M 	num_reg: 8  	lose cover RAM: 31M
[    0.000000]  gran_size: 32M 	chunk_size: 128M 	num_reg: 8  	lose cover RAM: 31M
[    0.000000]  gran_size: 32M 	chunk_size: 256M 	num_reg: 8  	lose cover RAM: 31M
[    0.000000]  gran_size: 32M 	chunk_size: 512M 	num_reg: 8  	lose cover RAM: 32799M
[    0.000000]  gran_size: 32M 	chunk_size: 1G 	num_reg: 8  	lose cover RAM: 31M
[    0.000000]  gran_size: 32M 	chunk_size: 2G 	num_reg: 8  	lose cover RAM: 31M
[    0.000000]  gran_size: 64M 	chunk_size: 64M 	num_reg: 8  	lose cover RAM: 63M
[    0.000000]  gran_size: 64M 	chunk_size: 128M 	num_reg: 8  	lose cover RAM: 63M
[    0.000000]  gran_size: 64M 	chunk_size: 256M 	num_reg: 8  	lose cover RAM: 63M
[    0.000000]  gran_size: 64M 	chunk_size: 512M 	num_reg: 8  	lose cover RAM: 32831M
[    0.000000]  gran_size: 64M 	chunk_size: 1G 	num_reg: 8  	lose cover RAM: 63M
[    0.000000]  gran_size: 64M 	chunk_size: 2G 	num_reg: 8  	lose cover RAM: 63M
[    0.000000]  gran_size: 128M 	chunk_size: 128M 	num_reg: 7  	lose cover RAM: 127M
[    0.000000]  gran_size: 128M 	chunk_size: 256M 	num_reg: 8  	lose cover RAM: 127M
[    0.000000]  gran_size: 128M 	chunk_size: 512M 	num_reg: 8  	lose cover RAM: 32895M
[    0.000000]  gran_size: 128M 	chunk_size: 1G 	num_reg: 8  	lose cover RAM: 127M
[    0.000000]  gran_size: 128M 	chunk_size: 2G 	num_reg: 8  	lose cover RAM: 127M
[    0.000000]  gran_size: 256M 	chunk_size: 256M 	num_reg: 6  	lose cover RAM: 255M
[    0.000000]  gran_size: 256M 	chunk_size: 512M 	num_reg: 6  	lose cover RAM: 255M
[    0.000000]  gran_size: 256M 	chunk_size: 1G 	num_reg: 6  	lose cover RAM: 255M
[    0.000000]  gran_size: 256M 	chunk_size: 2G 	num_reg: 6  	lose cover RAM: 255M
[    0.000000]  gran_size: 512M 	chunk_size: 512M 	num_reg: 6  	lose cover RAM: 255M
[    0.000000]  gran_size: 512M 	chunk_size: 1G 	num_reg: 6  	lose cover RAM: 255M
[    0.000000]  gran_size: 512M 	chunk_size: 2G 	num_reg: 6  	lose cover RAM: 255M
[    0.000000]  gran_size: 1G 	chunk_size: 1G 	num_reg: 6  	lose cover RAM: 255M
[    0.000000]  gran_size: 1G 	chunk_size: 2G 	num_reg: 6  	lose cover RAM: 255M
[    0.000000]  gran_size: 2G 	chunk_size: 2G 	num_reg: 5  	lose cover RAM: 1279M
[    0.000000] mtrr_cleanup: can not find optimal value
[    0.000000] please specify mtrr_gran_size/mtrr_chunk_size
[    0.000000] e820 update range: 00000000cff00000 - 0000000100000000 (usable) ==> (reserved)
[    0.000000] last_pfn = 0xcfdff max_arch_pfn = 0x400000000
[    0.000000] found SMP MP-table at [ffff8800000fe710] fe710
[    0.000000] initial memory mapped : 0 - 20000000
[    0.000000] Base memory trampoline at [ffff880000099000] 99000 size 20480
[    0.000000] init_memory_mapping: 0000000000000000-00000000cfdff000
[    0.000000]  0000000000 - 00cfc00000 page 2M
[    0.000000]  00cfc00000 - 00cfdff000 page 4k
[    0.000000] kernel direct mapping tables up to cfdff000 @ 1fffa000-20000000
[    0.000000] init_memory_mapping: 0000000100000000-0000000128000000
[    0.000000]  0100000000 - 0128000000 page 2M
[    0.000000] kernel direct mapping tables up to 128000000 @ cfdfd000-cfdff000
[    0.000000] RAMDISK: 7efcb000 - 80000000
[    0.000000] ACPI: RSDP 00000000000fec00 00024 (v02 DELL  )
[    0.000000] ACPI: XSDT 00000000000fc5bd 00074 (v01 DELL    B9K     00000015 ASL  00000061)
[    0.000000] ACPI: FACP 00000000000fc6ed 000F4 (v03 DELL    B9K     00000015 ASL  00000061)
[    0.000000] ACPI: DSDT 00000000fff78ba8 045A0 (v01   DELL    dt_ex 00001000 INTL 20050624)
[    0.000000] ACPI: FACS 00000000cfdff800 00040
[    0.000000] ACPI: SSDT 00000000fff7d267 000AA (v01   DELL    st_ex 00001000 INTL 20050624)
[    0.000000] ACPI: APIC 00000000000fc7e1 00092 (v01 DELL    B9K     00000015 ASL  00000061)
[    0.000000] ACPI: BOOT 00000000000fc873 00028 (v01 DELL    B9K     00000015 ASL  00000061)
[    0.000000] ACPI: ASF! 00000000000fc89b 00096 (v32 DELL    B9K     00000015 ASL  00000061)
[    0.000000] ACPI: MCFG 00000000000fc931 0003E (v01 DELL    B9K     00000015 ASL  00000061)
[    0.000000] ACPI: HPET 00000000000fc96f 00038 (v01 DELL    B9K     00000015 ASL  00000061)
[    0.000000] ACPI: TCPA 00000000000fcbcb 00032 (v01 DELL    B9K     00000015 ASL  00000061)
[    0.000000] ACPI: ____ 00000000000fcbfd 00030 (v01 DELL    B9K     00000015 ASL  00000061)
[    0.000000] ACPI: SLIC 00000000000fc9a7 00176 (v01 DELL    B9K     00000015 ASL  00000061)
[    0.000000] ACPI: Local APIC address 0xfee00000
[    0.000000] No NUMA configuration found
[    0.000000] Faking a node at 0000000000000000-0000000128000000
[    0.000000] Initmem setup node 0 0000000000000000-0000000128000000
[    0.000000]   NODE_DATA [0000000127ffb000 - 0000000127ffffff]
[    0.000000]  [ffffea0000000000-ffffea00049fffff] PMD -> [ffff880123800000-ffff8801275fffff] on node 0
[    0.000000] Zone PFN ranges:
[    0.000000]   DMA      0x00000010 -> 0x00001000
[    0.000000]   DMA32    0x00001000 -> 0x00100000
[    0.000000]   Normal   0x00100000 -> 0x00128000
[    0.000000] Movable zone start PFN for each node
[    0.000000] early_node_map[3] active PFN ranges
[    0.000000]     0: 0x00000010 -> 0x0000009e
[    0.000000]     0: 0x00000100 -> 0x000cfdff
[    0.000000]     0: 0x00100000 -> 0x00128000
[    0.000000] On node 0 totalpages: 1015181
[    0.000000]   DMA zone: 64 pages used for memmap
[    0.000000]   DMA zone: 5 pages reserved
[    0.000000]   DMA zone: 3913 pages, LIFO batch:0
[    0.000000]   DMA32 zone: 16320 pages used for memmap
[    0.000000]   DMA32 zone: 831039 pages, LIFO batch:31
[    0.000000]   Normal zone: 2560 pages used for memmap
[    0.000000]   Normal zone: 161280 pages, LIFO batch:31
[    0.000000] ACPI: PM-Timer IO Port: 0x808
[    0.000000] ACPI: Local APIC address 0xfee00000
[    0.000000] ACPI: LAPIC (acpi_id[0x01] lapic_id[0x00] enabled)
[    0.000000] ACPI: LAPIC (acpi_id[0x02] lapic_id[0x01] enabled)
[    0.000000] ACPI: LAPIC (acpi_id[0x03] lapic_id[0x05] disabled)
[    0.000000] ACPI: LAPIC (acpi_id[0x04] lapic_id[0x07] disabled)
[    0.000000] ACPI: LAPIC (acpi_id[0x05] lapic_id[0x00] disabled)
[    0.000000] ACPI: LAPIC (acpi_id[0x06] lapic_id[0x01] disabled)
[    0.000000] ACPI: LAPIC (acpi_id[0x07] lapic_id[0x02] disabled)
[    0.000000] ACPI: LAPIC (acpi_id[0x08] lapic_id[0x03] disabled)
[    0.000000] ACPI: LAPIC_NMI (acpi_id[0xff] high level lint[0x1])
[    0.000000] ACPI: IOAPIC (id[0x08] address[0xfec00000] gsi_base[0])
[    0.000000] IOAPIC[0]: apic_id 8, version 32, address 0xfec00000, GSI 0-23
[    0.000000] ACPI: INT_SRC_OVR (bus 0 bus_irq 0 global_irq 2 dfl dfl)
[    0.000000] ACPI: INT_SRC_OVR (bus 0 bus_irq 9 global_irq 9 high level)
[    0.000000] ACPI: IRQ0 used by override.
[    0.000000] ACPI: IRQ2 used by override.
[    0.000000] ACPI: IRQ9 used by override.
[    0.000000] Using ACPI (MADT) for SMP configuration information
[    0.000000] ACPI: HPET id: 0x8086a301 base: 0xfed00000
[    0.000000] SMP: Allowing 8 CPUs, 6 hotplug CPUs
[    0.000000] nr_irqs_gsi: 40
[    0.000000] PM: Registered nosave memory: 000000000009e000 - 00000000000f0000
[    0.000000] PM: Registered nosave memory: 00000000000f0000 - 0000000000100000
[    0.000000] PM: Registered nosave memory: 00000000cfdff000 - 00000000cfe00000
[    0.000000] PM: Registered nosave memory: 00000000cfe00000 - 00000000cfe53000
[    0.000000] PM: Registered nosave memory: 00000000cfe53000 - 00000000cfe54000
[    0.000000] PM: Registered nosave memory: 00000000cfe54000 - 00000000cfe55000
[    0.000000] PM: Registered nosave memory: 00000000cfe55000 - 00000000cfe56000
[    0.000000] PM: Registered nosave memory: 00000000cfe56000 - 00000000d0000000
[    0.000000] PM: Registered nosave memory: 00000000d0000000 - 00000000e0000000
[    0.000000] PM: Registered nosave memory: 00000000e0000000 - 00000000f0000000
[    0.000000] PM: Registered nosave memory: 00000000f0000000 - 00000000fec00000
[    0.000000] PM: Registered nosave memory: 00000000fec00000 - 00000000fed00000
[    0.000000] PM: Registered nosave memory: 00000000fed00000 - 00000000fed20000
[    0.000000] PM: Registered nosave memory: 00000000fed20000 - 00000000feda0000
[    0.000000] PM: Registered nosave memory: 00000000feda0000 - 00000000fee00000
[    0.000000] PM: Registered nosave memory: 00000000fee00000 - 00000000fef00000
[    0.000000] PM: Registered nosave memory: 00000000fef00000 - 00000000ffb00000
[    0.000000] PM: Registered nosave memory: 00000000ffb00000 - 0000000100000000
[    0.000000] Allocating PCI resources starting at d0000000 (gap: d0000000:10000000)
[    0.000000] Booting paravirtualized kernel on bare hardware
[    0.000000] setup_percpu: NR_CPUS:256 nr_cpumask_bits:256 nr_cpu_ids:8 nr_node_ids:1
[    0.000000] PERCPU: Embedded 28 pages/cpu @ffff880127c00000 s83136 r8192 d23360 u262144
[    0.000000] pcpu-alloc: s83136 r8192 d23360 u262144 alloc=1*2097152
[    0.000000] pcpu-alloc: [0] 0 1 2 3 4 5 6 7 
[    0.000000] Built 1 zonelists in Node order, mobility grouping on.  Total pages: 996232
[    0.000000] Policy zone: Normal
[    0.000000] Kernel command line: auto BOOT_IMAGE=Ubuntu root=801 root=/dev/sda1 ro
[    0.000000] PID hash table entries: 4096 (order: 3, 32768 bytes)
[    0.000000] Checking aperture...
[    0.000000] No AGP bridge found
[    0.000000] Calgary: detecting Calgary via BIOS EBDA area
[    0.000000] Calgary: Unable to locate Rio Grande table in EBDA - bailing!
[    0.000000] Memory: 3897852k/4849664k available (6592k kernel code, 788940k absent, 162872k reserved, 6614k data, 924k init)
[    0.000000] SLUB: Genslabs=15, HWalign=64, Order=0-3, MinObjects=0, CPUs=8, Nodes=1
[    0.000000] Hierarchical RCU implementation.
[    0.000000] 	RCU dyntick-idle grace-period acceleration is enabled.
[    0.000000] NR_IRQS:16640 nr_irqs:744 16
[    0.000000] Console: colour VGA+ 80x25
[    0.000000] console [tty0] enabled
[    0.000000] allocated 32505856 bytes of page_cgroup
[    0.000000] please try 'cgroup_disable=memory' option if you don't want memory cgroups
[    0.000000] hpet clockevent registered
[    0.000000] Fast TSC calibration using PIT
[    0.000000] Detected 2659.896 MHz processor.
[    0.004005] Calibrating delay loop (skipped), value calculated using timer frequency.. 5319.79 BogoMIPS (lpj=10639584)
[    0.004086] pid_max: default: 32768 minimum: 301
[    0.008023] Security Framework initialized
[    0.008078] AppArmor: AppArmor initialized
[    0.008117] Yama: becoming mindful.
[    0.008492] Dentry cache hash table entries: 524288 (order: 10, 4194304 bytes)
[    0.010585] Inode-cache hash table entries: 262144 (order: 9, 2097152 bytes)
[    0.011645] Mount-cache hash table entries: 256
[    0.011854] Initializing cgroup subsys cpuacct
[    0.011899] Initializing cgroup subsys memory
[    0.011946] Initializing cgroup subsys devices
[    0.011985] Initializing cgroup subsys freezer
[    0.012009] Initializing cgroup subsys blkio
[    0.012055] Initializing cgroup subsys perf_event
[    0.012777] CPU: Physical Processor ID: 0
[    0.012816] CPU: Processor Core ID: 0
[    0.012855] mce: CPU supports 6 MCE banks
[    0.012900] CPU0: Thermal monitoring enabled (TM2)
[    0.012943] using mwait in idle threads.
[    0.015232] ACPI: Core revision 20110623
[    0.141543] ftrace: allocating 26602 entries in 105 pages
[    0.144414] ..TIMER: vector=0x30 apic1=0 pin1=2 apic2=-1 pin2=-1
[    0.186984] CPU0: Intel(R) Core(TM)2 Duo CPU     E6750  @ 2.66GHz stepping 0b
[    0.188011] Performance Events: PEBS fmt0+, Core2 events, Intel PMU driver.
[    0.188011] PEBS disabled due to CPU errata.
[    0.188011] ... version:                2
[    0.188011] ... bit width:              40
[    0.188011] ... generic registers:      2
[    0.188011] ... value mask:             000000ffffffffff
[    0.188011] ... max period:             000000007fffffff
[    0.188011] ... fixed-purpose events:   3
[    0.188011] ... event mask:             0000000700000003
[    0.188011] NMI watchdog enabled, takes one hw-pmu counter.
[    0.188011] Booting Node   0, Processors  #1
[    0.188011] smpboot cpu 1: start_ip = 99000
[    0.276045] NMI watchdog enabled, takes one hw-pmu counter.
[    0.276126] Brought up 2 CPUs
[    0.276165] Total of 2 processors activated (10639.71 BogoMIPS).
[    0.277895] devtmpfs: initialized
[    0.277895] EVM: security.selinux
[    0.277895] EVM: security.SMACK64
[    0.277895] EVM: security.capability
[    0.277895] PM: Registering ACPI NVS region at cfdff800 (345088 bytes)
[    0.277895] print_constraints: dummy: 
[    0.277895] RTC time: 17:46:41, date: 03/05/14
[    0.277895] NET: Registered protocol family 16
[    0.280082] Trying to unpack rootfs image as initramfs...
[    0.280088] ACPI FADT declares the system doesn't support PCIe ASPM, so disable it
[    0.280139] ACPI: bus type pci registered
[    0.280233] PCI: MMCONFIG for domain 0000 [bus 00-ff] at [mem 0xe0000000-0xefffffff] (base 0xe0000000)
[    0.280286] PCI: MMCONFIG at [mem 0xe0000000-0xefffffff] reserved in E820
[    0.317047] PCI: Using configuration type 1 for base access
[    0.318672] bio: create slab <bio-0> at 0
[    0.318919] ACPI: Added _OSI(Module Device)
[    0.318919] ACPI: Added _OSI(Processor Device)
[    0.318919] ACPI: Added _OSI(3.0 _SCP Extensions)
[    0.318919] ACPI: Added _OSI(Processor Aggregator Device)
[    0.318919] ACPI: EC: Look up EC in DSDT
[    0.348508] [Firmware Bug]: ACPI: BIOS _OSI(Linux) query ignored
[    0.380358] ACPI Warning: Incorrect checksum in table [TCPA] - 0x00, should be 0x87 (20110623/tbutils-314)
[    0.381859] ACPI: Interpreter enabled
[    0.381899] ACPI: (supports S0 S1 S3 S4 S5)
[    0.382088] ACPI: Using IOAPIC for interrupt routing
[    0.527545] ACPI: ACPI Dock Station Driver: 1 docks/bays found
[    0.527589] HEST: Table not found.
[    0.528035] PCI: Using host bridge windows from ACPI; if necessary, use "pci=nocrs" and report a bug
[    0.572070] ACPI: PCI Root Bridge [PCI0] (domain 0000 [bus 00-ff])
[    0.660071] pci_root PNP0A03:00: host bridge window [io  0x0000-0x0cf7]
[    0.660117] pci_root PNP0A03:00: host bridge window [io  0x0d00-0xffff]
[    0.660158] pci_root PNP0A03:00: host bridge window [mem 0x000a0000-0x000bffff]
[    0.660207] pci_root PNP0A03:00: host bridge window [mem 0x000c0000-0x000effff]
[    0.660256] pci_root PNP0A03:00: host bridge window [mem 0x000f0000-0x000fffff]
[    0.660305] pci_root PNP0A03:00: host bridge window [mem 0xf0000000-0xfec00000]
[    0.660354] pci_root PNP0A03:00: host bridge window [mem 0xcff00000-0xdfffffff]
[    0.660403] pci_root PNP0A03:00: host bridge window [mem 0xff980800-0xff980bff]
[    0.660453] pci_root PNP0A03:00: host bridge window [mem 0xff97c000-0xff97ffff]
[    0.660501] pci_root PNP0A03:00: host bridge window [mem 0xfed20000-0xfed9ffff]
[    0.660550] pci_root PNP0A03:00: host bridge window [mem 0xfedad800-0xfedadfff]
[    0.660616] pci 0000:00:00.0: [8086:29b0] type 0 class 0x000600
[    0.660656] pci 0000:00:01.0: [8086:29b1] type 1 class 0x000604
[    0.660689] pci 0000:00:01.0: PME# supported from D0 D3hot D3cold
[    0.660693] pci 0000:00:01.0: PME# disabled
[    0.660728] pci 0000:00:19.0: [8086:10bd] type 0 class 0x000200
[    0.660744] pci 0000:00:19.0: reg 10: [mem 0xfebe0000-0xfebfffff]
[    0.660751] pci 0000:00:19.0: reg 14: [mem 0xfebdb000-0xfebdbfff]
[    0.660759] pci 0000:00:19.0: reg 18: [io  0xecc0-0xecdf]
[    0.660815] pci 0000:00:19.0: PME# supported from D0 D3hot D3cold
[    0.660819] pci 0000:00:19.0: PME# disabled
[    0.660839] pci 0000:00:1a.0: [8086:2937] type 0 class 0x000c03
[    0.660876] pci 0000:00:1a.0: reg 20: [io  0xff20-0xff3f]
[    0.660921] pci 0000:00:1a.1: [8086:2938] type 0 class 0x000c03
[    0.660958] pci 0000:00:1a.1: reg 20: [io  0xff00-0xff1f]
[    0.661012] pci 0000:00:1a.7: [8086:293c] type 0 class 0x000c03
[    0.661030] pci 0000:00:1a.7: reg 10: [mem 0xfebd9c00-0xfebd9fff]
[    0.661112] pci 0000:00:1a.7: PME# supported from D0 D3hot D3cold
[    0.661116] pci 0000:00:1a.7: PME# disabled
[    0.661137] pci 0000:00:1b.0: [8086:293e] type 0 class 0x000403
[    0.661150] pci 0000:00:1b.0: reg 10: [mem 0xfebdc000-0xfebdffff 64bit]
[    0.661210] pci 0000:00:1b.0: PME# supported from D0 D3hot D3cold
[    0.661214] pci 0000:00:1b.0: PME# disabled
[    0.661232] pci 0000:00:1c.0: [8086:2940] type 1 class 0x000604
[    0.661291] pci 0000:00:1c.0: PME# supported from D0 D3hot D3cold
[    0.661294] pci 0000:00:1c.0: PME# disabled
[    0.661321] pci 0000:00:1d.0: [8086:2934] type 0 class 0x000c03
[    0.661358] pci 0000:00:1d.0: reg 20: [io  0xff80-0xff9f]
[    0.661403] pci 0000:00:1d.1: [8086:2935] type 0 class 0x000c03
[    0.661441] pci 0000:00:1d.1: reg 20: [io  0xff60-0xff7f]
[    0.661486] pci 0000:00:1d.2: [8086:2936] type 0 class 0x000c03
[    0.661523] pci 0000:00:1d.2: reg 20: [io  0xff40-0xff5f]
[    0.661577] pci 0000:00:1d.7: [8086:293a] type 0 class 0x000c03
[    0.661595] pci 0000:00:1d.7: reg 10: [mem 0xff980800-0xff980bff]
[    0.661677] pci 0000:00:1d.7: PME# supported from D0 D3hot D3cold
[    0.661681] pci 0000:00:1d.7: PME# disabled
[    0.661698] pci 0000:00:1e.0: [8086:244e] type 1 class 0x000604
[    0.661752] pci 0000:00:1f.0: [8086:2914] type 0 class 0x000601
[    0.661825] pci 0000:00:1f.0: ICH7 LPC Generic IO decode 1 PIO at 0c00 (mask 007f)
[    0.661875] pci 0000:00:1f.0: ICH7 LPC Generic IO decode 2 PIO at 00e0 (mask 0007)
[    0.661967] pci 0000:00:1f.2: [8086:2922] type 0 class 0x000106
[    0.661983] pci 0000:00:1f.2: reg 10: [io  0xfe00-0xfe07]
[    0.661990] pci 0000:00:1f.2: reg 14: [io  0xfe10-0xfe13]
[    0.661997] pci 0000:00:1f.2: reg 18: [io  0xfe20-0xfe27]
[    0.662004] pci 0000:00:1f.2: reg 1c: [io  0xfe30-0xfe33]
[    0.662011] pci 0000:00:1f.2: reg 20: [io  0xfec0-0xfedf]
[    0.662018] pci 0000:00:1f.2: reg 24: [mem 0xff970000-0xff9707ff]
[    0.662057] pci 0000:00:1f.2: PME# supported from D3hot
[    0.662060] pci 0000:00:1f.2: PME# disabled
[    0.662075] pci 0000:00:1f.3: [8086:2930] type 0 class 0x000c05
[    0.662088] pci 0000:00:1f.3: reg 10: [mem 0xfebd9b00-0xfebd9bff 64bit]
[    0.662106] pci 0000:00:1f.3: reg 20: [io  0xece0-0xecff]
[    0.662161] pci 0000:01:00.0: [10de:0402] type 0 class 0x000300
[    0.662171] pci 0000:01:00.0: reg 10: [mem 0xfd000000-0xfdffffff]
[    0.662180] pci 0000:01:00.0: reg 14: [mem 0xd0000000-0xdfffffff 64bit pref]
[    0.662190] pci 0000:01:00.0: reg 1c: [mem 0xfa000000-0xfbffffff 64bit]
[    0.662197] pci 0000:01:00.0: reg 24: [io  0xdc80-0xdcff]
[    0.662204] pci 0000:01:00.0: reg 30: [mem 0xfea00000-0xfea1ffff pref]
[    0.662252] pci 0000:00:01.0: PCI bridge to [bus 01-01]
[    0.662292] pci 0000:00:01.0:   bridge window [io  0xd000-0xdfff]
[    0.662295] pci 0000:00:01.0:   bridge window [mem 0xfa000000-0xfeafffff]
[    0.662299] pci 0000:00:01.0:   bridge window [mem 0xd0000000-0xdfffffff 64bit pref]
[    0.662332] pci 0000:00:1c.0: PCI bridge to [bus 02-02]
[    0.662375] pci 0000:00:1c.0:   bridge window [mem 0xf9f00000-0xf9ffffff]
[    0.662433] pci 0000:00:1e.0: PCI bridge to [bus 03-03] (subtractive decode)
[    0.662481] pci 0000:00:1e.0:   bridge window [io  0x0000-0x0cf7] (subtractive decode)
[    0.662483] pci 0000:00:1e.0:   bridge window [io  0x0d00-0xffff] (subtractive decode)
[    0.662485] pci 0000:00:1e.0:   bridge window [mem 0x000a0000-0x000bffff] (subtractive decode)
[    0.662488] pci 0000:00:1e.0:   bridge window [mem 0x000c0000-0x000effff] (subtractive decode)
[    0.662490] pci 0000:00:1e.0:   bridge window [mem 0x000f0000-0x000fffff] (subtractive decode)
[    0.662492] pci 0000:00:1e.0:   bridge window [mem 0xf0000000-0xfec00000] (subtractive decode)
[    0.662495] pci 0000:00:1e.0:   bridge window [mem 0xcff00000-0xdfffffff] (subtractive decode)
[    0.662497] pci 0000:00:1e.0:   bridge window [mem 0xff980800-0xff980bff] (subtractive decode)
[    0.662499] pci 0000:00:1e.0:   bridge window [mem 0xff97c000-0xff97ffff] (subtractive decode)
[    0.662501] pci 0000:00:1e.0:   bridge window [mem 0xfed20000-0xfed9ffff] (subtractive decode)
[    0.662503] pci 0000:00:1e.0:   bridge window [mem 0xfedad800-0xfedadfff] (subtractive decode)
[    0.662520] ACPI: PCI Interrupt Routing Table [\_SB_.PCI0._PRT]
[    0.662949] ACPI: PCI Interrupt Routing Table [\_SB_.PCI0.PCI4._PRT]
[    0.663298] ACPI: PCI Interrupt Routing Table [\_SB_.PCI0.PCI2._PRT]
[    0.663618] ACPI: PCI Interrupt Routing Table [\_SB_.PCI0.PCI1._PRT]
[    0.663964]  pci0000:00: Requesting ACPI _OSC control (0x1d)
[    0.664005]  pci0000:00: ACPI _OSC request failed (AE_NOT_FOUND), returned control mask: 0x1d
[    0.664044] ACPI _OSC control for PCIe not granted, disabling ASPM
[    0.665057] Freeing initrd memory: 16596k freed
[    2.068073] ACPI: PCI Interrupt Link [LNKA] (IRQs 3 4 5 6 7 9 10 *11 12 15)
[    2.069171] ACPI: PCI Interrupt Link [LNKB] (IRQs 3 4 *5 6 7 9 10 11 12 15)
[    2.070271] ACPI: PCI Interrupt Link [LNKC] (IRQs 3 4 5 6 7 *9 10 11 12 15)
[    2.071376] ACPI: PCI Interrupt Link [LNKD] (IRQs 3 4 5 6 7 9 *10 11 12 15)
[    2.072499] ACPI: PCI Interrupt Link [LNKE] (IRQs 3 4 5 6 7 9 10 11 12 15) *0, disabled.
[    2.073668] ACPI: PCI Interrupt Link [LNKF] (IRQs *3 4 5 6 7 9 10 11 12 15)
[    2.074764] ACPI: PCI Interrupt Link [LNKG] (IRQs 3 4 *5 6 7 9 10 11 12 15)
[    2.075859] ACPI: PCI Interrupt Link [LNKH] (IRQs 3 4 5 6 7 9 *10 11 12 15)
[    2.076531] vgaarb: device added: PCI:0000:01:00.0,decodes=io+mem,owns=io+mem,locks=none
[    2.076531] vgaarb: loaded
[    2.076531] vgaarb: bridge control possible 0000:01:00.0
[    2.076531] i2c-core: driver [aat2870] using legacy suspend method
[    2.076531] i2c-core: driver [aat2870] using legacy resume method
[    2.076531] SCSI subsystem initialized
[    2.076607] libata version 3.00 loaded.
[    2.076607] usbcore: registered new interface driver usbfs
[    2.076607] usbcore: registered new interface driver hub
[    2.076607] usbcore: registered new device driver usb
[    2.076607] PCI: Using ACPI for IRQ routing
[    2.082473] PCI: pci_cache_line_size set to 64 bytes
[    2.082506] pci 0000:00:1f.2: no compatible bridge window for [mem 0xff970000-0xff9707ff]
[    2.082582] Expanded resource reserved due to conflict with PCI Bus 0000:00
[    2.082622] Expanded resource reserved due to conflict with PCI Bus 0000:00
[    2.082663] reserve RAM buffer: 000000000009ec00 - 000000000009ffff 
[    2.082665] reserve RAM buffer: 00000000cfdff800 - 00000000cfffffff 
[    2.082773] NetLabel: Initializing
[    2.082811] NetLabel:  domain hash size = 128
[    2.082849] NetLabel:  protocols = UNLABELED CIPSOv4
[    2.082897] NetLabel:  unlabeled traffic allowed by default
[    2.082952] HPET: 4 timers in total, 0 timers will be used for per-cpu timer
[    2.082952] hpet0: at MMIO 0xfed00000, IRQs 2, 8, 0, 0
[    2.082952] hpet0: 4 comparators, 64-bit 14.318180 MHz counter
[    2.088185] Switching to clocksource hpet
[    2.094971] AppArmor: AppArmor Filesystem Enabled
[    2.095044] pnp: PnP ACPI init
[    2.095096] ACPI: bus type pnp registered
[    2.103132] pnp 00:00: [bus 00-ff]
[    2.103135] pnp 00:00: [io  0x0cf8-0x0cff]
[    2.103137] pnp 00:00: [io  0x0000-0x0cf7 window]
[    2.103138] pnp 00:00: [io  0x0d00-0xffff window]
[    2.103140] pnp 00:00: [mem 0x000a0000-0x000bffff window]
[    2.103142] pnp 00:00: [mem 0x000c0000-0x000effff window]
[    2.103144] pnp 00:00: [mem 0x000f0000-0x000fffff window]
[    2.103146] pnp 00:00: [mem 0xf0000000-0xfec00000 window]
[    2.103148] pnp 00:00: [mem 0xcff00000-0xdfffffff window]
[    2.103150] pnp 00:00: [mem 0xf0000000-0xefffffff window disabled]
[    2.103152] pnp 00:00: [mem 0xff980800-0xff980bff window]
[    2.103154] pnp 00:00: [mem 0xff97c000-0xff97ffff window]
[    2.103156] pnp 00:00: [mem 0xfed20000-0xfed9ffff window]
[    2.103161] pnp 00:00: [mem 0xfedad800-0xfedadfff window]
[    2.103208] pnp 00:00: Plug and Play ACPI device, IDs PNP0a03 (active)
[    2.108207] pnp 00:01: [io  0x0060]
[    2.108209] pnp 00:01: [io  0x0064]
[    2.108211] pnp 00:01: [io  0x0062-0x0063]
[    2.108213] pnp 00:01: [io  0x0065-0x006f]
[    2.108214] pnp 00:01: [io  0x00e0-0x00ef]
[    2.108216] pnp 00:01: [io  0x0800-0x085f]
[    2.108218] pnp 00:01: [io  0x0c00-0x0c7f]
[    2.108219] pnp 00:01: [io  0x0860-0x08ff]
[    2.108269] system 00:01: [io  0x0800-0x085f] has been reserved
[    2.108310] system 00:01: [io  0x0c00-0x0c7f] has been reserved
[    2.108350] system 00:01: [io  0x0860-0x08ff] has been reserved
[    2.108391] system 00:01: Plug and Play ACPI device, IDs PNP0c01 (active)
[    2.108665] pnp 00:02: [io  0x0080-0x009f]
[    2.108667] pnp 00:02: [io  0x0000-0x001f]
[    2.108669] pnp 00:02: [io  0x00c0-0x00df]
[    2.108671] pnp 00:02: [dma 4]
[    2.108697] pnp 00:02: Plug and Play ACPI device, IDs PNP0200 (active)
[    2.108905] pnp 00:03: [io  0x00f0-0x00ff]
[    2.108917] pnp 00:03: [irq 13]
[    2.108943] pnp 00:03: Plug and Play ACPI device, IDs PNP0c04 (active)
[    2.109139] pnp 00:04: [io  0x0061]
[    2.109164] pnp 00:04: Plug and Play ACPI device, IDs PNP0800 (active)
[    2.109376] pnp 00:05: [io  0x0070-0x007f]
[    2.109381] pnp 00:05: [irq 8]
[    2.109410] pnp 00:05: Plug and Play ACPI device, IDs PNP0b00 (active)
[    2.126818] pnp 00:06: [io  0x0378-0x037f]
[    2.126820] pnp 00:06: [io  0x0778-0x077f]
[    2.126825] pnp 00:06: [irq 7]
[    2.126827] pnp 00:06: [dma 0 disabled]
[    2.128036] pnp 00:06: Plug and Play ACPI device, IDs PNP0401 (active)
[    2.133743] pnp 00:07: [io  0x03f8-0x03ff]
[    2.133748] pnp 00:07: [irq 4]
[    2.134139] pnp 00:07: Plug and Play ACPI device, IDs PNP0501 (active)
[    2.153535] pnp 00:08: [mem 0xfed00000-0xfed003ff]
[    2.153568] pnp 00:08: Plug and Play ACPI device, IDs PNP0103 (active)
[    2.153574] pnp: PnP ACPI: found 9 devices
[    2.153612] ACPI: ACPI bus type pnp unregistered
[    2.160167] PCI: max bus depth: 1 pci_try_num: 2
[    2.160195] pci 0000:00:1f.2: BAR 5: assigned [mem 0xf0000000-0xf00007ff]
[    2.160238] pci 0000:00:1f.2: BAR 5: set to [mem 0xf0000000-0xf00007ff] (PCI address [0xf0000000-0xf00007ff])
[    2.160290] pci 0000:00:1c.0: BAR 15: assigned [mem 0xf0100000-0xf02fffff 64bit pref]
[    2.160340] pci 0000:00:1c.0: BAR 13: assigned [io  0x1000-0x1fff]
[    2.160380] pci 0000:00:01.0: PCI bridge to [bus 01-01]
[    2.160420] pci 0000:00:01.0:   bridge window [io  0xd000-0xdfff]
[    2.160461] pci 0000:00:01.0:   bridge window [mem 0xfa000000-0xfeafffff]
[    2.160502] pci 0000:00:01.0:   bridge window [mem 0xd0000000-0xdfffffff 64bit pref]
[    2.160552] pci 0000:00:1c.0: PCI bridge to [bus 02-02]
[    2.160592] pci 0000:00:1c.0:   bridge window [io  0x1000-0x1fff]
[    2.160634] pci 0000:00:1c.0:   bridge window [mem 0xf9f00000-0xf9ffffff]
[    2.160676] pci 0000:00:1c.0:   bridge window [mem 0xf0100000-0xf02fffff 64bit pref]
[    2.160727] pci 0000:00:1e.0: PCI bridge to [bus 03-03]
[    2.160783] pci 0000:00:01.0: PCI INT A -> GSI 16 (level, low) -> IRQ 16
[    2.160825] pci 0000:00:01.0: setting latency timer to 64
[    2.160831] pci 0000:00:1c.0: PCI INT A -> GSI 16 (level, low) -> IRQ 16
[    2.160873] pci 0000:00:1c.0: setting latency timer to 64
[    2.160878] pci 0000:00:1e.0: setting latency timer to 64
[    2.160882] pci_bus 0000:00: resource 4 [io  0x0000-0x0cf7]
[    2.160884] pci_bus 0000:00: resource 5 [io  0x0d00-0xffff]
[    2.160886] pci_bus 0000:00: resource 6 [mem 0x000a0000-0x000bffff]
[    2.160888] pci_bus 0000:00: resource 7 [mem 0x000c0000-0x000effff]
[    2.160890] pci_bus 0000:00: resource 8 [mem 0x000f0000-0x000fffff]
[    2.160892] pci_bus 0000:00: resource 9 [mem 0xf0000000-0xfec00000]
[    2.160894] pci_bus 0000:00: resource 10 [mem 0xcff00000-0xdfffffff]
[    2.160896] pci_bus 0000:00: resource 11 [mem 0xff980800-0xff980bff]
[    2.160898] pci_bus 0000:00: resource 12 [mem 0xff97c000-0xff97ffff]
[    2.160900] pci_bus 0000:00: resource 13 [mem 0xfed20000-0xfed9ffff]
[    2.160902] pci_bus 0000:00: resource 14 [mem 0xfedad800-0xfedadfff]
[    2.160904] pci_bus 0000:01: resource 0 [io  0xd000-0xdfff]
[    2.160907] pci_bus 0000:01: resource 1 [mem 0xfa000000-0xfeafffff]
[    2.160910] pci_bus 0000:01: resource 2 [mem 0xd0000000-0xdfffffff 64bit pref]
[    2.160913] pci_bus 0000:02: resource 0 [io  0x1000-0x1fff]
[    2.160915] pci_bus 0000:02: resource 1 [mem 0xf9f00000-0xf9ffffff]
[    2.160918] pci_bus 0000:02: resource 2 [mem 0xf0100000-0xf02fffff 64bit pref]
[    2.160921] pci_bus 0000:03: resource 4 [io  0x0000-0x0cf7]
[    2.160924] pci_bus 0000:03: resource 5 [io  0x0d00-0xffff]
[    2.160926] pci_bus 0000:03: resource 6 [mem 0x000a0000-0x000bffff]
[    2.160929] pci_bus 0000:03: resource 7 [mem 0x000c0000-0x000effff]
[    2.160932] pci_bus 0000:03: resource 8 [mem 0x000f0000-0x000fffff]
[    2.160934] pci_bus 0000:03: resource 9 [mem 0xf0000000-0xfec00000]
[    2.160937] pci_bus 0000:03: resource 10 [mem 0xcff00000-0xdfffffff]
[    2.160940] pci_bus 0000:03: resource 11 [mem 0xff980800-0xff980bff]
[    2.160943] pci_bus 0000:03: resource 12 [mem 0xff97c000-0xff97ffff]
[    2.160945] pci_bus 0000:03: resource 13 [mem 0xfed20000-0xfed9ffff]
[    2.160948] pci_bus 0000:03: resource 14 [mem 0xfedad800-0xfedadfff]
[    2.160987] NET: Registered protocol family 2
[    2.161155] IP route cache hash table entries: 131072 (order: 8, 1048576 bytes)
[    2.162103] TCP established hash table entries: 524288 (order: 11, 8388608 bytes)
[    2.166133] TCP bind hash table entries: 65536 (order: 8, 1048576 bytes)
[    2.166709] TCP: Hash tables configured (established 524288 bind 65536)
[    2.166750] TCP reno registered
[    2.166793] UDP hash table entries: 2048 (order: 4, 65536 bytes)
[    2.166872] UDP-Lite hash table entries: 2048 (order: 4, 65536 bytes)
[    2.167063] NET: Registered protocol family 1
[    2.167132] pci 0000:00:1a.0: PCI INT A -> GSI 16 (level, low) -> IRQ 16
[    2.167186] pci 0000:00:1a.0: PCI INT A disabled
[    2.167242] pci 0000:00:1a.1: PCI INT B -> GSI 17 (level, low) -> IRQ 17
[    2.167295] pci 0000:00:1a.1: PCI INT B disabled
[    2.167345] pci 0000:00:1a.7: PCI INT C -> GSI 22 (level, low) -> IRQ 22
[    2.167410] pci 0000:00:1a.7: PCI INT C disabled
[    2.167461] pci 0000:00:1d.0: PCI INT A -> GSI 23 (level, low) -> IRQ 23
[    2.167514] pci 0000:00:1d.0: PCI INT A disabled
[    2.167558] pci 0000:00:1d.1: PCI INT B -> GSI 17 (level, low) -> IRQ 17
[    2.167611] pci 0000:00:1d.1: PCI INT B disabled
[    2.167657] pci 0000:00:1d.2: PCI INT C -> GSI 18 (level, low) -> IRQ 18
[    2.167711] pci 0000:00:1d.2: PCI INT C disabled
[    2.167755] pci 0000:00:1d.7: PCI INT A -> GSI 23 (level, low) -> IRQ 23
[    2.167817] pci 0000:00:1d.7: PCI INT A disabled
[    2.167874] pci 0000:01:00.0: Boot video device
[    2.167876] PCI: CLS 64 bytes, default 64
[    2.167879] PCI-DMA: Using software bounce buffering for IO (SWIOTLB)
[    2.167919] Placing 64MB software IO TLB between ffff8800cbdfd000 - ffff8800cfdfd000
[    2.167967] software IO TLB at phys 0xcbdfd000 - 0xcfdfd000
[    2.168049] Simple Boot Flag at 0x7a set to 0x80
[    2.168421] audit: initializing netlink socket (disabled)
[    2.168468] type=2000 audit(1394041602.164:1): initialized
[    2.187871] HugeTLB registered 2 MB page size, pre-allocated 0 pages
[    2.190002] VFS: Disk quotas dquot_6.5.2
[    2.190750] Dquot-cache hash table entries: 512 (order 0, 4096 bytes)
[    2.191254] fuse init (API version 7.17)
[    2.191375] msgmni has been set to 7645
[    2.191707] Block layer SCSI generic (bsg) driver version 0.4 loaded (major 253)
[    2.191777] io scheduler noop registered
[    2.191816] io scheduler deadline registered
[    2.191884] io scheduler cfq registered (default)
[    2.192017] pcieport 0000:00:01.0: setting latency timer to 64
[    2.192044] pcieport 0000:00:01.0: irq 40 for MSI/MSI-X
[    2.192087] pcieport 0000:00:1c.0: setting latency timer to 64
[    2.192118] pcieport 0000:00:1c.0: irq 41 for MSI/MSI-X
[    2.192185] pci_hotplug: PCI Hot Plug PCI Core version: 0.5
[    2.192239] pciehp: PCI Express Hot Plug Controller Driver version: 0.4
[    2.192330] intel_idle: MWAIT substates: 0x220
[    2.192331] intel_idle: does not run on family 6 model 15
[    2.192397] input: Power Button as /devices/LNXSYSTM:00/LNXSYBUS:00/PNP0C0C:00/input/input0
[    2.192450] ACPI: Power Button [VBTN]
[    2.192531] input: Power Button as /devices/LNXSYSTM:00/LNXPWRBN:00/input/input1
[    2.192580] ACPI: Power Button [PWRF]
[    2.310447] ERST: Table is not found!
[    2.310485] GHES: HEST is not enabled!
[    2.310590] Serial: 8250/16550 driver, 32 ports, IRQ sharing enabled
[    2.330970] serial8250: ttyS0 at I/O 0x3f8 (irq = 4) is a 16550A
[    2.460461] 00:07: ttyS0 at I/O 0x3f8 (irq = 4) is a 16550A
[    2.460905] Linux agpgart interface v0.103
[    2.462343] brd: module loaded
[    2.463069] loop: module loaded
[    2.463228] ahci 0000:00:1f.2: version 3.0
[    2.463239] ahci 0000:00:1f.2: PCI INT C -> GSI 18 (level, low) -> IRQ 18
[    2.463313] ahci 0000:00:1f.2: irq 42 for MSI/MSI-X
[    2.463373] ahci 0000:00:1f.2: AHCI 0001.0200 32 slots 6 ports 3 Gbps 0x2f impl SATA mode
[    2.463424] ahci 0000:00:1f.2: flags: 64bit ncq sntf pm led clo pmp pio slum part ccc ems sxs 
[    2.463475] ahci 0000:00:1f.2: setting latency timer to 64
[    2.492545] scsi0 : ahci
[    2.492660] scsi1 : ahci
[    2.492764] scsi2 : ahci
[    2.492868] scsi3 : ahci
[    2.492970] scsi4 : ahci
[    2.493070] scsi5 : ahci
[    2.494573] ata1: SATA max UDMA/133 abar m2048@0xf0000000 port 0xf0000100 irq 42
[    2.494622] ata2: SATA max UDMA/133 abar m2048@0xf0000000 port 0xf0000180 irq 42
[    2.494670] ata3: SATA max UDMA/133 abar m2048@0xf0000000 port 0xf0000200 irq 42
[    2.494719] ata4: SATA max UDMA/133 abar m2048@0xf0000000 port 0xf0000280 irq 42
[    2.494767] ata5: DUMMY
[    2.494803] ata6: SATA max UDMA/133 abar m2048@0xf0000000 port 0xf0000380 irq 42
[    2.495220] Fixed MDIO Bus: probed
[    2.495272] tun: Universal TUN/TAP device driver, 1.6
[    2.495311] tun: (C) 1999-2004 Max Krasnyansky <maxk@qualcomm.com>
[    2.495406] PPP generic driver version 2.4.2
[    2.495549] ehci_hcd: USB 2.0 'Enhanced' Host Controller (EHCI) Driver
[    2.495601] ehci_hcd 0000:00:1a.7: PCI INT C -> GSI 22 (level, low) -> IRQ 22
[    2.495654] ehci_hcd 0000:00:1a.7: setting latency timer to 64
[    2.495658] ehci_hcd 0000:00:1a.7: EHCI Host Controller
[    2.495737] ehci_hcd 0000:00:1a.7: new USB bus registered, assigned bus number 1
[    2.495811] ehci_hcd 0000:00:1a.7: debug port 1
[    2.499735] ehci_hcd 0000:00:1a.7: cache line size of 64 is not supported
[    2.499749] ehci_hcd 0000:00:1a.7: irq 22, io mem 0xfebd9c00
[    2.512018] ehci_hcd 0000:00:1a.7: USB 2.0 started, EHCI 1.00
[    2.512212] hub 1-0:1.0: USB hub found
[    2.512252] hub 1-0:1.0: 6 ports detected
[    2.512349] ehci_hcd 0000:00:1d.7: PCI INT A -> GSI 23 (level, low) -> IRQ 23
[    2.512400] ehci_hcd 0000:00:1d.7: setting latency timer to 64
[    2.512403] ehci_hcd 0000:00:1d.7: EHCI Host Controller
[    2.512479] ehci_hcd 0000:00:1d.7: new USB bus registered, assigned bus number 2
[    2.512546] ehci_hcd 0000:00:1d.7: debug port 1
[    2.516466] ehci_hcd 0000:00:1d.7: cache line size of 64 is not supported
[    2.516478] ehci_hcd 0000:00:1d.7: irq 23, io mem 0xff980800
[    2.532028] ehci_hcd 0000:00:1d.7: USB 2.0 started, EHCI 1.00
[    2.532190] hub 2-0:1.0: USB hub found
[    2.532235] hub 2-0:1.0: 6 ports detected
[    2.532332] ohci_hcd: USB 1.1 'Open' Host Controller (OHCI) Driver
[    2.532384] uhci_hcd: USB Universal Host Controller Interface driver
[    2.532437] uhci_hcd 0000:00:1a.0: PCI INT A -> GSI 16 (level, low) -> IRQ 16
[    2.532481] uhci_hcd 0000:00:1a.0: setting latency timer to 64
[    2.532484] uhci_hcd 0000:00:1a.0: UHCI Host Controller
[    2.532556] uhci_hcd 0000:00:1a.0: new USB bus registered, assigned bus number 3
[    2.532630] uhci_hcd 0000:00:1a.0: irq 16, io base 0x0000ff20
[    2.532776] hub 3-0:1.0: USB hub found
[    2.532816] hub 3-0:1.0: 2 ports detected
[    2.532905] uhci_hcd 0000:00:1a.1: PCI INT B -> GSI 17 (level, low) -> IRQ 17
[    2.532950] uhci_hcd 0000:00:1a.1: setting latency timer to 64
[    2.532953] uhci_hcd 0000:00:1a.1: UHCI Host Controller
[    2.533024] uhci_hcd 0000:00:1a.1: new USB bus registered, assigned bus number 4
[    2.533101] uhci_hcd 0000:00:1a.1: irq 17, io base 0x0000ff00
[    2.533246] hub 4-0:1.0: USB hub found
[    2.533289] hub 4-0:1.0: 2 ports detected
[    2.533379] uhci_hcd 0000:00:1d.0: PCI INT A -> GSI 23 (level, low) -> IRQ 23
[    2.533424] uhci_hcd 0000:00:1d.0: setting latency timer to 64
[    2.533427] uhci_hcd 0000:00:1d.0: UHCI Host Controller
[    2.533499] uhci_hcd 0000:00:1d.0: new USB bus registered, assigned bus number 5
[    2.533566] uhci_hcd 0000:00:1d.0: irq 23, io base 0x0000ff80
[    2.533711] hub 5-0:1.0: USB hub found
[    2.533751] hub 5-0:1.0: 2 ports detected
[    2.533839] uhci_hcd 0000:00:1d.1: PCI INT B -> GSI 17 (level, low) -> IRQ 17
[    2.533884] uhci_hcd 0000:00:1d.1: setting latency timer to 64
[    2.533887] uhci_hcd 0000:00:1d.1: UHCI Host Controller
[    2.533959] uhci_hcd 0000:00:1d.1: new USB bus registered, assigned bus number 6
[    2.534027] uhci_hcd 0000:00:1d.1: irq 17, io base 0x0000ff60
[    2.534169] hub 6-0:1.0: USB hub found
[    2.534210] hub 6-0:1.0: 2 ports detected
[    2.534300] uhci_hcd 0000:00:1d.2: PCI INT C -> GSI 18 (level, low) -> IRQ 18
[    2.534344] uhci_hcd 0000:00:1d.2: setting latency timer to 64
[    2.534347] uhci_hcd 0000:00:1d.2: UHCI Host Controller
[    2.534421] uhci_hcd 0000:00:1d.2: new USB bus registered, assigned bus number 7
[    2.534494] uhci_hcd 0000:00:1d.2: irq 18, io base 0x0000ff40
[    2.534646] hub 7-0:1.0: USB hub found
[    2.534686] hub 7-0:1.0: 2 ports detected
[    2.534817] usbcore: registered new interface driver libusual
[    2.534886] i8042: PNP: No PS/2 controller found. Probing ports directly.
[    2.537745] serio: i8042 KBD port at 0x60,0x64 irq 1
[    2.537788] serio: i8042 AUX port at 0x60,0x64 irq 12
[    2.537937] mousedev: PS/2 mouse device common for all mice
[    2.538099] rtc_cmos 00:05: RTC can wake from S4
[    2.538225] rtc_cmos 00:05: rtc core: registered rtc_cmos as rtc0
[    2.538286] rtc0: alarms up to one day, 242 bytes nvram, hpet irqs
[    2.538391] device-mapper: uevent: version 1.0.3
[    2.538489] device-mapper: ioctl: 4.22.0-ioctl (2011-10-19) initialised: dm-devel@redhat.com
[    2.538543] cpuidle: using governor ladder
[    2.538580] cpuidle: using governor menu
[    2.538618] EFI Variables Facility v0.08 2004-May-17
[    2.538857] TCP cubic registered
[    2.538987] NET: Registered protocol family 10
[    2.539435] NET: Registered protocol family 17
[    2.539476] Registering the dns_resolver key type
[    2.539623] PM: Hibernation image not present or could not be loaded.
[    2.539641] registered taskstats version 1
[    2.545158]   Magic number: 6:395:794
[    2.545284] rtc_cmos 00:05: setting system clock to 2014-03-05 17:46:43 UTC (1394041603)
[    2.545348] BIOS EDD facility v0.16 2004-Jun-25, 0 devices found
[    2.545387] EDD information not available.
[    2.812032] ata3: SATA link down (SStatus 4 SControl 300)
[    2.812090] ata4: SATA link down (SStatus 4 SControl 300)
[    2.812153] ata6: SATA link down (SStatus 4 SControl 300)
[    2.984024] ata1: SATA link up 3.0 Gbps (SStatus 123 SControl 300)
[    2.984081] ata2: SATA link up 1.5 Gbps (SStatus 113 SControl 300)
[    2.984591] ata1.00: ATA-8: ST3250310AS, 3.ADA, max UDMA/133
[    2.984633] ata1.00: 488281250 sectors, multi 0: LBA48 NCQ (depth 31/32)
[    2.984692] ata2.00: ATAPI: TSSTcorp DVD+/-RW TS-H653B, D300, max UDMA/100
[    2.984739] ata2.00: applying bridge limits
[    2.985347] ata1.00: configured for UDMA/133
[    2.985509] scsi 0:0:0:0: Direct-Access     ATA      ST3250310AS      3.AD PQ: 0 ANSI: 5
[    2.985681] ata2.00: configured for UDMA/100
[    2.985710] sd 0:0:0:0: Attached scsi generic sg0 type 0
[    2.985771] sd 0:0:0:0: [sda] 488281250 512-byte logical blocks: (250 GB/232 GiB)
[    2.985881] sd 0:0:0:0: [sda] Write Protect is off
[    2.985921] sd 0:0:0:0: [sda] Mode Sense: 00 3a 00 00
[    2.985947] sd 0:0:0:0: [sda] Write cache: enabled, read cache: enabled, doesn't support DPO or FUA
[    2.987345] scsi 1:0:0:0: CD-ROM            TSSTcorp DVD+-RW TS-H653B D300 PQ: 0 ANSI: 5
[    2.989713] sr0: scsi3-mmc drive: 48x/48x writer cd/rw xa/form2 cdda tray
[    2.989757] cdrom: Uniform CD-ROM driver Revision: 3.20
[    2.989906] sr 1:0:0:0: Attached scsi CD-ROM sr0
[    2.989956] sr 1:0:0:0: Attached scsi generic sg1 type 5
[    3.044407]  sda: sda1 sda4 < sda5 sda6 sda7 sda8 >
[    3.044828] sd 0:0:0:0: [sda] Attached SCSI disk
[    3.046229] Freeing unused kernel memory: 924k freed
[    3.046474] Write protecting the kernel read-only data: 12288k
[    3.051092] Freeing unused kernel memory: 1580k freed
[    3.054909] Freeing unused kernel memory: 1188k freed
[    3.064023] usb 3-1: new low-speed USB device number 2 using uhci_hcd
[    3.068715] udevd[96]: starting version 175
[    3.084801] md: linear personality registered for level -1
[    3.093158] md: multipath personality registered for level -4
[    3.101495] md: raid0 personality registered for level 0
[    3.106329] md: raid1 personality registered for level 1
[    3.109977] async_tx: api initialized (async)
[    3.122966] e1000e: Intel(R) PRO/1000 Network Driver - 1.5.1-k
[    3.123009] e1000e: Copyright(c) 1999 - 2011 Intel Corporation.
[    3.123081] e1000e 0000:00:19.0: PCI INT A -> GSI 21 (level, low) -> IRQ 21
[    3.123129] e1000e 0000:00:19.0: setting latency timer to 64
[    3.123214] e1000e 0000:00:19.0: irq 43 for MSI/MSI-X
[    3.176012] raid6: int64x1   2082 MB/s
[    3.244010] raid6: int64x2   2851 MB/s
[    3.312031] raid6: int64x4   2081 MB/s
[    3.348958] input: Dell Dell USB Keyboard as /devices/pci0000:00/0000:00:1a.0/usb3/3-1/3-1:1.0/input/input2
[    3.349126] generic-usb 0003:413C:2105.0001: input,hidraw0: USB HID v1.10 Keyboard [Dell Dell USB Keyboard] on usb-0000:00:1a.0-1/input0
[    3.349295] usbcore: registered new interface driver usbhid
[    3.349993] usbhid: USB HID core driver
[    3.380018] raid6: int64x8   1800 MB/s
[    3.438199] e1000e 0000:00:19.0: eth0: (PCI Express:2.5GT/s:Width x1) 00:1e:4f:be:7e:c2
[    3.438251] e1000e 0000:00:19.0: eth0: Intel(R) PRO/1000 Network Connection
[    3.438370] e1000e 0000:00:19.0: eth0: MAC: 7, PHY: 6, PBA No: 1041FF-0FF
[    3.448017] raid6: sse2x1    4887 MB/s
[    3.516014] raid6: sse2x2    6653 MB/s
[    3.552011] usb 3-2: new low-speed USB device number 3 using uhci_hcd
[    3.584012] raid6: sse2x4    7974 MB/s
[    3.584050] raid6: using algorithm sse2x4 (7974 MB/s)
[    3.584107] Refined TSC clocksource calibration: 2659.983 MHz.
[    3.584152] Switching to clocksource tsc
[    3.584580] xor: automatically using best checksumming function: generic_sse
[    3.604003]    generic_sse:  9885.000 MB/sec
[    3.604042] xor: using function: generic_sse (9885.000 MB/sec)
[    3.604740] md: raid6 personality registered for level 6
[    3.604781] md: raid5 personality registered for level 5
[    3.604820] md: raid4 personality registered for level 4
[    3.608972] md: raid10 personality registered for level 10
[    3.743936] input: Dell Dell USB Optical Mouse as /devices/pci0000:00/0000:00:1a.0/usb3/3-2/3-2:1.0/input/input3
[    3.744087] generic-usb 0003:413C:3012.0002: input,hidraw1: USB HID v1.11 Mouse [Dell Dell USB Optical Mouse] on usb-0000:00:1a.0-2/input0
[    8.918842] EXT4-fs (sda1): mounted filesystem with ordered data mode. Opts: (null)
[   10.561435] init: ureadahead main process (290) terminated with status 5
[   11.553906] SPL: Loaded module v0.6.2-1~precise
[   11.563174] zunicode: module license 'CDDL' taints kernel.
[   11.563217] Disabling lock debugging due to kernel taint
[   11.685967] ZFS: Loaded module v0.6.2-1~precise, ZFS pool version 5000, ZFS filesystem version 5
[   12.507325] Adding 8393956k swap on /dev/sda5.  Priority:-1 extents:1 across:8393956k 
[   14.392408] EXT4-fs (sda1): re-mounted. Opts: errors=remount-ro
[   14.603342] ADDRCONF(NETDEV_UP): eth0: link is not ready
[   14.640078] udevd[461]: starting version 175
[   15.044871] EXT4-fs (sda6): mounted filesystem with ordered data mode. Opts: (null)
[   15.082796] lp: driver loaded but no devices found
[   15.317183] coretemp coretemp.0: Using relative temperature scale!
[   15.317193] coretemp coretemp.0: Using relative temperature scale!
[   15.660088] EXT4-fs (sda7): mounted filesystem with ordered data mode. Opts: (null)
[   15.993031] parport_pc 00:06: reported by Plug and Play ACPI
[   15.993083] parport0: PC-style at 0x378 (0x778), irq 7, using FIFO [PCSPP,TRISTATE,COMPAT,ECP]
[   16.080154] lp0: using parport0 (interrupt-driven).
[   16.300223] dcdbas dcdbas: Dell Systems Management Base Driver (version 5.6.0-3.2)
[   16.691965] ppdev: user-space parallel port driver
[   17.979714] nvidia 0000:01:00.0: PCI INT A -> GSI 16 (level, low) -> IRQ 16
[   17.979725] nvidia 0000:01:00.0: setting latency timer to 64
[   17.979729] vgaarb: device changed decodes: PCI:0000:01:00.0,olddecodes=io+mem,decodes=none:owns=io+mem
[   17.979893] NVRM: loading NVIDIA UNIX x86_64 Kernel Module  304.116  Mon Oct 28 20:39:03 PDT 2013
[   18.160312] snd_hda_intel 0000:00:1b.0: PCI INT A -> GSI 16 (level, low) -> IRQ 16
[   18.160360] snd_hda_intel 0000:00:1b.0: irq 44 for MSI/MSI-X
[   18.160385] snd_hda_intel 0000:00:1b.0: setting latency timer to 64
[   18.284339] EXT4-fs (sda8): mounted filesystem with ordered data mode. Opts: (null)
[   18.342852] RPC: Registered named UNIX socket transport module.
[   18.342855] RPC: Registered udp transport module.
[   18.342856] RPC: Registered tcp transport module.
[   18.342858] RPC: Registered tcp NFSv4.1 backchannel transport module.
[   18.398729] FS-Cache: Loaded
[   18.684246] FS-Cache: Netfs 'nfs' registered for caching
[   18.721140] Installing knfsd (copyright (C) 1996 okir@monad.swb.de).
[   20.103928] type=1400 audit(1394041621.053:2): apparmor="STATUS" operation="profile_load" name="/sbin/dhclient" pid=763 comm="apparmor_parser"
[   20.103986] type=1400 audit(1394041621.053:3): apparmor="STATUS" operation="profile_replace" name="/sbin/dhclient" pid=764 comm="apparmor_parser"
[   20.104282] type=1400 audit(1394041621.057:4): apparmor="STATUS" operation="profile_load" name="/usr/lib/NetworkManager/nm-dhcp-client.action" pid=763 comm="apparmor_parser"
[   20.104349] type=1400 audit(1394041621.057:5): apparmor="STATUS" operation="profile_replace" name="/usr/lib/NetworkManager/nm-dhcp-client.action" pid=764 comm="apparmor_parser"
[   20.104483] type=1400 audit(1394041621.057:6): apparmor="STATUS" operation="profile_load" name="/usr/lib/connman/scripts/dhclient-script" pid=763 comm="apparmor_parser"
[   20.104551] type=1400 audit(1394041621.057:7): apparmor="STATUS" operation="profile_replace" name="/usr/lib/connman/scripts/dhclient-script" pid=764 comm="apparmor_parser"
[   21.227115] type=1400 audit(1394041622.177:8): apparmor="STATUS" operation="profile_load" name="/usr/sbin/ntpd" pid=829 comm="apparmor_parser"
[   21.227130] type=1400 audit(1394041622.177:9): apparmor="STATUS" operation="profile_replace" name="/usr/sbin/ntpd" pid=828 comm="apparmor_parser"
[   21.572558] init: udev-fallback-graphics main process (865) terminated with status 1
[   21.991537] type=1400 audit(1394041622.941:10): apparmor="DENIED" operation="open" parent=892 profile="/sbin/dhclient" name="/etc/conf.local/nis/nsswitch.conf.cmput" pid=893 comm="dhclient3" requested_mask="r" denied_mask="r" fsuid=0 ouid=0
[   22.954166] type=1400 audit(1394041623.905:11): apparmor="STATUS" operation="profile_load" name="/usr/lib/cups/backend/cups-pdf" pid=951 comm="apparmor_parser"
[   22.972214] e1000e 0000:00:19.0: irq 43 for MSI/MSI-X
[   23.028082] e1000e 0000:00:19.0: irq 43 for MSI/MSI-X
[   23.028495] ADDRCONF(NETDEV_UP): eth0: link is not ready
[   23.177791] Bluetooth: Core ver 2.16
[   23.177810] NET: Registered protocol family 31
[   23.177812] Bluetooth: HCI device and connection manager initialized
[   23.177814] Bluetooth: HCI socket layer initialized
[   23.177816] Bluetooth: L2CAP socket layer initialized
[   23.177821] Bluetooth: SCO socket layer initialized
[   23.352362] Bluetooth: BNEP (Ethernet Emulation) ver 1.3
[   23.352365] Bluetooth: BNEP filters: protocol multicast
[   23.361753] Bluetooth: RFCOMM TTY layer initialized
[   23.361757] Bluetooth: RFCOMM socket layer initialized
[   23.361759] Bluetooth: RFCOMM ver 1.11
[   25.500864] e1000e: eth0 NIC Link is Up 1000 Mbps Full Duplex, Flow Control: None
[   25.501227] ADDRCONF(NETDEV_CHANGE): eth0: link becomes ready
[   27.439480] init: failsafe main process (852) killed by TERM signal
[   27.978921] audit_printk_skb: 3 callbacks suppressed
[   27.978923] type=1400 audit(1394041628.929:13): apparmor="STATUS" operation="profile_replace" name="/sbin/dhclient" pid=1238 comm="apparmor_parser"
[   27.979278] type=1400 audit(1394041628.929:14): apparmor="STATUS" operation="profile_replace" name="/usr/lib/NetworkManager/nm-dhcp-client.action" pid=1238 comm="apparmor_parser"
[   27.979483] type=1400 audit(1394041628.929:15): apparmor="STATUS" operation="profile_replace" name="/usr/lib/connman/scripts/dhclient-script" pid=1238 comm="apparmor_parser"
[   28.015734] type=1400 audit(1394041628.965:16): apparmor="STATUS" operation="profile_load" name="/usr/lib/lightdm/lightdm/lightdm-guest-session-wrapper" pid=1237 comm="apparmor_parser"
[   28.016047] type=1400 audit(1394041628.969:17): apparmor="STATUS" operation="profile_load" name="/usr/lib/lightdm/lightdm/lightdm-guest-session-wrapper//chromium_browser" pid=1237 comm="apparmor_parser"
[   28.049659] type=1400 audit(1394041629.001:18): apparmor="STATUS" operation="profile_load" name="/usr/lib/libvirt/virt-aa-helper" pid=1241 comm="apparmor_parser"
[   28.081185] type=1400 audit(1394041629.033:19): apparmor="STATUS" operation="profile_load" name="/usr/lib/telepathy/mission-control-5" pid=1242 comm="apparmor_parser"
[   28.081610] type=1400 audit(1394041629.033:20): apparmor="STATUS" operation="profile_load" name="/usr/lib/telepathy/telepathy-*" pid=1242 comm="apparmor_parser"
[   28.084722] type=1400 audit(1394041629.037:21): apparmor="STATUS" operation="profile_replace" name="/usr/lib/cups/backend/cups-pdf" pid=1243 comm="apparmor_parser"
[   28.085156] type=1400 audit(1394041629.037:22): apparmor="STATUS" operation="profile_replace" name="/usr/sbin/cupsd" pid=1243 comm="apparmor_parser"
[   29.108184] kvm: disabled by bios
[   29.124738] init: qemu-kvm pre-start process (1295) terminated with status 1
[   34.871448] enabling dynamically allocated vcaches
[   34.871452] Starting AFS cache scan...found 151 non-empty cache files (9%).
[   36.240026] eth0: no IPv6 routers present
[   54.262078] audit_printk_skb: 42 callbacks suppressed
[   54.262081] type=1400 audit(1394041655.213:37): apparmor="DENIED" operation="open" parent=1 profile="/usr/sbin/cupsd" name="/etc/conf.local/printing/printers.conf.ugrad" pid=952 comm="cupsd" requested_mask="w" denied_mask="w" fsuid=0 ouid=0
[   76.398327] /dev/vmmon[3845]: Module vmmon: registered with major=10 minor=165
[   76.398333] /dev/vmmon[3845]: Module vmmon: initialized
[   76.403899] [3852]: VMCI: shared components initialized.
[   76.403935] [3852]: VMCI: host components initialized.
[   76.403990] [3852]: VMCI: Module registered (name=vmci,major=10,minor=56).
[   76.403992] [3852]: VMCI: Using host personality
[   76.403995] [3852]: VMCI: Module (name=vmci) is initialized
[   77.559905] /dev/vmnet: open called by PID 3922 (vmnet-netifup)
[   77.559913] /dev/vmnet: hub 1 does not exist, allocating memory.
[   77.559929] /dev/vmnet: port on hub 1 successfully opened
[   77.665566] /dev/vmnet: open called by PID 3952 (vmnet-dhcpd)
[   77.665580] /dev/vmnet: port on hub 1 successfully opened
[   77.734014] /dev/vmnet: open called by PID 3956 (vmnet-natd)
[   77.734021] /dev/vmnet: hub 8 does not exist, allocating memory.
[   77.734037] /dev/vmnet: port on hub 8 successfully opened
[   77.740815] userif-2: sent link down event.
[   77.740817] userif-2: sent link up event.
[   77.741949] /dev/vmnet: open called by PID 3957 (vmnet-netifup)
[   77.741958] /dev/vmnet: port on hub 8 successfully opened
[   77.782727] /dev/vmnet: open called by PID 3962 (vmnet-dhcpd)
[   77.782743] /dev/vmnet: port on hub 8 successfully opened
[   77.948100] [4026]: VMCI: Module vmci: unloaded
[   77.972130] /dev/vmmon[4043]: Module vmmon: unloaded
[   78.356158] /dev/vmmon[4084]: Module vmmon: registered with major=10 minor=165
[   78.356163] /dev/vmmon[4084]: Module vmmon: initialized
[   78.361427] [4091]: VMCI: shared components initialized.
[   78.361462] [4091]: VMCI: host components initialized.
[   78.361506] [4091]: VMCI: Module registered (name=vmci,major=10,minor=56).
[   78.361508] [4091]: VMCI: Using host personality
[   78.361510] [4091]: VMCI: Module (name=vmci) is initialized
[   79.449271] /dev/vmnet: open called by PID 4161 (vmnet-netifup)
[   79.449279] /dev/vmnet: hub 1 does not exist, allocating memory.
[   79.449295] /dev/vmnet: port on hub 1 successfully opened
[   79.482100] /dev/vmnet: open called by PID 4169 (vmnet-dhcpd)
[   79.482112] /dev/vmnet: port on hub 1 successfully opened
[   79.485280] /dev/vmnet: open called by PID 4194 (vmnet-natd)
[   79.485287] /dev/vmnet: hub 8 does not exist, allocating memory.
[   79.485303] /dev/vmnet: port on hub 8 successfully opened
[   79.486050] userif-2: sent link down event.
[   79.486053] userif-2: sent link up event.
[   79.487167] /dev/vmnet: open called by PID 4195 (vmnet-netifup)
[   79.487174] /dev/vmnet: port on hub 8 successfully opened
[   79.533944] /dev/vmnet: open called by PID 4200 (vmnet-dhcpd)
[   79.533956] /dev/vmnet: port on hub 8 successfully opened
[   79.776826] init: plymouth-stop pre-start process (4260) terminated with status 1
[   89.536017] vmnet8: no IPv6 routers present
[   89.648003] vmnet1: no IPv6 routers present
[75703.140341] type=1400 audit(1394117304.092:38): apparmor="DENIED" operation="open" parent=1 profile="/usr/sbin/cupsd" name="/etc/conf.local/printing/printers.conf.ugrad" pid=952 comm="cupsd" requested_mask="w" denied_mask="w" fsuid=0 ouid=0
[101156.116031] usb 4-2: new full-speed USB device number 2 using uhci_hcd
[101156.451206] logitech-djreceiver 0003:046D:C52B.0005: hiddev0,hidraw2: USB HID v1.11 Device [Logitech USB Receiver] on usb-0000:00:1a.1-2/input2
[101156.454426] input: Logitech Unifying Device. Wireless PID:101a as /devices/pci0000:00/0000:00:1a.1/usb4/4-2/4-2:1.2/0003:046D:C52B.0005/input/input4
[101156.454554] logitech-djdevice 0003:046D:C52B.0006: input,hidraw3: USB HID v1.11 Mouse [Logitech Unifying Device. Wireless PID:101a] on usb-0000:00:1a.1-2:1
[101176.980022] usb 1-3: new high-speed USB device number 5 using ehci_hcd
[101177.615524] Initializing USB Mass Storage driver...
[101177.615665] scsi6 : usb-storage 1-3:1.0
[101177.615732] usbcore: registered new interface driver usb-storage
[101177.615733] USB Mass Storage support registered.
[101181.254308] scsi 6:0:0:0: Direct-Access     Verbatim STORE N GO       0.00 PQ: 0 ANSI: 6
[101181.255786] sd 6:0:0:0: [sdb] 62865408 512-byte logical blocks: (32.1 GB/29.9 GiB)
[101181.256187] sd 6:0:0:0: Attached scsi generic sg2 type 0
[101181.256533] sd 6:0:0:0: [sdb] Write Protect is off
[101181.256536] sd 6:0:0:0: [sdb] Mode Sense: 23 00 00 00
[101181.257281] sd 6:0:0:0: [sdb] Write cache: disabled, read cache: enabled, doesn't support DPO or FUA
[101181.261669]  sdb: sdb1
[101181.264657] sd 6:0:0:0: [sdb] Attached SCSI removable disk
[108288.272978] sdb: detected capacity change from 32187088896 to 0
[108302.409112] usb 1-3: USB disconnect, device number 5
[108306.216070] usb 4-2: USB disconnect, device number 2
[133585.058495] server_s[16712]: segfault at 0 ip 00007f1693af86cc sp 00007fff0d7cfb68 error 6 in libc-2.15.so[7f16939a2000+1b5000]
[133852.289469] server_s[16774]: segfault at 0 ip 00007ffff7b6eee4 sp 00007fffffff2078 error 6 in libc-2.15.so[7ffff7a1a000+1b5000]
[163083.814095] type=1400 audit(1394204684.767:39): apparmor="DENIED" operation="open" parent=1 profile="/usr/sbin/cupsd" name="/etc/conf.local/printing/printers.conf.ugrad" pid=952 comm="cupsd" requested_mask="w" denied_mask="w" fsuid=0 ouid=0
[171532.240997] server_p[21863]: segfault at 0 ip 00007f3512e7c6cc sp 00007f3512d22608 error 6 in libc-2.15.so[7f3512d26000+1b5000]
[173154.414943] server_p[22124]: segfault at 0 ip 0000000000402285 sp 00007f5e90b115a0 error 4 in server_p[400000+4000]
[175034.192952] server_p[22467]: segfault at 0 ip 00007f889768e91c sp 00007f889760cd30 error 6 in libc-2.15.so[7f8897611000+1b5000]
[175070.208845] server_p[22485]: segfault at 0 ip 00007fbb28c0491c sp 00007fbb28b82d30 error 6 in libc-2.15.so[7fbb28b87000+1b5000]
[175511.953268] server_p[22591]: segfault at 0 ip 00007f8b40c6091c sp 00007f8b40bded20 error 6 in libc-2.15.so[7f8b40be3000+1b5000]
[177443.054552] server_p[23066]: segfault at b ip 00007f902e08fc1d sp 00007f902e01c430 error 4 in libc-2.15.so[7f902e020000+1b5000]
[181930.926847] server_s[24052]: segfault at 2bc256d8 ip 00007f282b6c43b1 sp 00007fff6e595ff0 error 4 in libc-2.15.so[7f282b679000+1b5000]
[182085.910710] server_s[24096]: segfault at ffffffffc25d46d8 ip 00007fbfc217ce36 sp 00007fffba131938 error 5 in libc-2.15.so[7fbfc2028000+1b5000]
[182340.953151] server_s[24203]: segfault at 1de86d8 ip 00007fbb018873b1 sp 00007fff5d2cdae0 error 4 in libc-2.15.so[7fbb0183c000+1b5000]
[183969.590869] server_s[24536] general protection ip:7f576ecc06b1 sp:7ffffd12b2d0 error:0 in libc-2.15.so[7f576ec40000+1b5000]
[184108.662010] server_s[24576] general protection ip:7fc12d5d16b1 sp:7fffdb508060 error:0 in libc-2.15.so[7fc12d551000+1b5000]
[    0.000000] Initializing cgroup subsys cpuset
[    0.000000] Initializing cgroup subsys cpu
[    0.000000] Linux version 3.2.0-59-generic (buildd@toyol) (gcc version 4.6.3 (Ubuntu/Linaro 4.6.3-1ubuntu5) ) #90-Ubuntu SMP Tue Jan 7 22:43:51 UTC 2014 (Ubuntu 3.2.0-59.90-generic 3.2.54)
[    0.000000] Command line: auto BOOT_IMAGE=Ubuntu root=801 root=/dev/sda1 ro
[    0.000000] KERNEL supported cpus:
[    0.000000]   Intel GenuineIntel
[    0.000000]   AMD AuthenticAMD
[    0.000000]   Centaur CentaurHauls
[    0.000000] BIOS-provided physical RAM map:
[    0.000000]  BIOS-e820: 0000000000000000 - 000000000009ec00 (usable)
[    0.000000]  BIOS-e820: 00000000000f0000 - 0000000000100000 (reserved)
[    0.000000]  BIOS-e820: 0000000000100000 - 00000000cfdff800 (usable)
[    0.000000]  BIOS-e820: 00000000cfdff800 - 00000000cfe53c00 (ACPI NVS)
[    0.000000]  BIOS-e820: 00000000cfe53c00 - 00000000cfe55c00 (ACPI data)
[    0.000000]  BIOS-e820: 00000000cfe55c00 - 00000000d0000000 (reserved)
[    0.000000]  BIOS-e820: 00000000e0000000 - 00000000f0000000 (reserved)
[    0.000000]  BIOS-e820: 00000000fec00000 - 00000000fed00400 (reserved)
[    0.000000]  BIOS-e820: 00000000fed20000 - 00000000feda0000 (reserved)
[    0.000000]  BIOS-e820: 00000000fee00000 - 00000000fef00000 (reserved)
[    0.000000]  BIOS-e820: 00000000ffb00000 - 0000000100000000 (reserved)
[    0.000000]  BIOS-e820: 0000000100000000 - 0000000128000000 (usable)
[    0.000000] NX (Execute Disable) protection: active
[    0.000000] SMBIOS 2.5 present.
[    0.000000] DMI: Dell Inc. OptiPlex 755                 /0GM819, BIOS A08 02/19/2008
[    0.000000] e820 update range: 0000000000000000 - 0000000000010000 (usable) ==> (reserved)
[    0.000000] e820 remove range: 00000000000a0000 - 0000000000100000 (usable)
[    0.000000] No AGP bridge found
[    0.000000] last_pfn = 0x128000 max_arch_pfn = 0x400000000
[    0.000000] MTRR default type: uncachable
[    0.000000] MTRR fixed ranges enabled:
[    0.000000]   00000-9FFFF write-back
[    0.000000]   A0000-BFFFF uncachable
[    0.000000]   C0000-D3FFF write-protect
[    0.000000]   D4000-EFFFF uncachable
[    0.000000]   F0000-FFFFF write-protect
[    0.000000] MTRR variable ranges enabled:
[    0.000000]   0 base 000000000 mask 000000000 write-back
[    0.000000]   1 base 0CFF00000 mask FFFF00000 uncachable
[    0.000000]   2 base 0D0000000 mask FF0000000 uncachable
[    0.000000]   3 base 0E0000000 mask FE0000000 uncachable
[    0.000000]   4 disabled
[    0.000000]   5 disabled
[    0.000000]   6 disabled
[    0.000000]   7 disabled
[    0.000000] x86 PAT enabled: cpu 0, old 0x7040600070406, new 0x7010600070106
[    0.000000] original variable MTRRs
[    0.000000] reg 0, base: 0GB, range: 64GB, type WB
[    0.000000] reg 1, base: 3327MB, range: 1MB, type UC
[    0.000000] reg 2, base: 3328MB, range: 256MB, type UC
[    0.000000] reg 3, base: 3584MB, range: 512MB, type UC
[    0.000000] total RAM covered: 64767M
[    0.000000]  gran_size: 64K 	chunk_size: 64K 	num_reg: 8  	lose cover RAM: 61443M
[    0.000000]  gran_size: 64K 	chunk_size: 128K 	num_reg: 8  	lose cover RAM: 61443M
[    0.000000]  gran_size: 64K 	chunk_size: 256K 	num_reg: 8  	lose cover RAM: 61443M
[    0.000000]  gran_size: 64K 	chunk_size: 512K 	num_reg: 8  	lose cover RAM: 61443M
[    0.000000]  gran_size: 64K 	chunk_size: 1M 	num_reg: 8  	lose cover RAM: 61443M
[    0.000000]  gran_size: 64K 	chunk_size: 2M 	num_reg: 8  	lose cover RAM: 0G
[    0.000000]  gran_size: 64K 	chunk_size: 4M 	num_reg: 8  	lose cover RAM: 0G
[    0.000000]  gran_size: 64K 	chunk_size: 8M 	num_reg: 8  	lose cover RAM: 0G
[    0.000000]  gran_size: 64K 	chunk_size: 16M 	num_reg: 8  	lose cover RAM: 0G
[    0.000000]  gran_size: 64K 	chunk_size: 32M 	num_reg: 8  	lose cover RAM: 0G
[    0.000000]  gran_size: 64K 	chunk_size: 64M 	num_reg: 8  	lose cover RAM: 0G
[    0.000000]  gran_size: 64K 	chunk_size: 128M 	num_reg: 8  	lose cover RAM: 0G
[    0.000000]  gran_size: 64K 	chunk_size: 256M 	num_reg: 8  	lose cover RAM: 0G
[    0.000000]  gran_size: 64K 	chunk_size: 512M 	num_reg: 8  	lose cover RAM: 32G
[    0.000000]  gran_size: 64K 	chunk_size: 1G 	num_reg: 8  	lose cover RAM: 0G
[    0.000000]  gran_size: 64K 	chunk_size: 2G 	num_reg: 8  	lose cover RAM: 0G
[    0.000000]  gran_size: 128K 	chunk_size: 128K 	num_reg: 8  	lose cover RAM: 61443M
[    0.000000]  gran_size: 128K 	chunk_size: 256K 	num_reg: 8  	lose cover RAM: 61443M
[    0.000000]  gran_size: 128K 	chunk_size: 512K 	num_reg: 8  	lose cover RAM: 61443M
[    0.000000]  gran_size: 128K 	chunk_size: 1M 	num_reg: 8  	lose cover RAM: 61443M
[    0.000000]  gran_size: 128K 	chunk_size: 2M 	num_reg: 8  	lose cover RAM: 0G
[    0.000000]  gran_size: 128K 	chunk_size: 4M 	num_reg: 8  	lose cover RAM: 0G
[    0.000000]  gran_size: 128K 	chunk_size: 8M 	num_reg: 8  	lose cover RAM: 0G
[    0.000000]  gran_size: 128K 	chunk_size: 16M 	num_reg: 8  	lose cover RAM: 0G
[    0.000000]  gran_size: 128K 	chunk_size: 32M 	num_reg: 8  	lose cover RAM: 0G
[    0.000000]  gran_size: 128K 	chunk_size: 64M 	num_reg: 8  	lose cover RAM: 0G
[    0.000000]  gran_size: 128K 	chunk_size: 128M 	num_reg: 8  	lose cover RAM: 0G
[    0.000000]  gran_size: 128K 	chunk_size: 256M 	num_reg: 8  	lose cover RAM: 0G
[    0.000000]  gran_size: 128K 	chunk_size: 512M 	num_reg: 8  	lose cover RAM: 32G
[    0.000000]  gran_size: 128K 	chunk_size: 1G 	num_reg: 8  	lose cover RAM: 0G
[    0.000000]  gran_size: 128K 	chunk_size: 2G 	num_reg: 8  	lose cover RAM: 0G
[    0.000000]  gran_size: 256K 	chunk_size: 256K 	num_reg: 8  	lose cover RAM: 61443M
[    0.000000]  gran_size: 256K 	chunk_size: 512K 	num_reg: 8  	lose cover RAM: 61443M
[    0.000000]  gran_size: 256K 	chunk_size: 1M 	num_reg: 8  	lose cover RAM: 61443M
[    0.000000]  gran_size: 256K 	chunk_size: 2M 	num_reg: 8  	lose cover RAM: 0G
[    0.000000]  gran_size: 256K 	chunk_size: 4M 	num_reg: 8  	lose cover RAM: 0G
[    0.000000]  gran_size: 256K 	chunk_size: 8M 	num_reg: 8  	lose cover RAM: 0G
[    0.000000]  gran_size: 256K 	chunk_size: 16M 	num_reg: 8  	lose cover RAM: 0G
[    0.000000]  gran_size: 256K 	chunk_size: 32M 	num_reg: 8  	lose cover RAM: 0G
[    0.000000]  gran_size: 256K 	chunk_size: 64M 	num_reg: 8  	lose cover RAM: 0G
[    0.000000]  gran_size: 256K 	chunk_size: 128M 	num_reg: 8  	lose cover RAM: 0G
[    0.000000]  gran_size: 256K 	chunk_size: 256M 	num_reg: 8  	lose cover RAM: 0G
[    0.000000]  gran_size: 256K 	chunk_size: 512M 	num_reg: 8  	lose cover RAM: 32G
[    0.000000]  gran_size: 256K 	chunk_size: 1G 	num_reg: 8  	lose cover RAM: 0G
[    0.000000]  gran_size: 256K 	chunk_size: 2G 	num_reg: 8  	lose cover RAM: 0G
[    0.000000]  gran_size: 512K 	chunk_size: 512K 	num_reg: 8  	lose cover RAM: 61443M
[    0.000000]  gran_size: 512K 	chunk_size: 1M 	num_reg: 8  	lose cover RAM: 61443M
[    0.000000]  gran_size: 512K 	chunk_size: 2M 	num_reg: 8  	lose cover RAM: 0G
[    0.000000]  gran_size: 512K 	chunk_size: 4M 	num_reg: 8  	lose cover RAM: 0G
[    0.000000]  gran_size: 512K 	chunk_size: 8M 	num_reg: 8  	lose cover RAM: 0G
[    0.000000]  gran_size: 512K 	chunk_size: 16M 	num_reg: 8  	lose cover RAM: 0G
[    0.000000]  gran_size: 512K 	chunk_size: 32M 	num_reg: 8  	lose cover RAM: 0G
[    0.000000]  gran_size: 512K 	chunk_size: 64M 	num_reg: 8  	lose cover RAM: 0G
[    0.000000]  gran_size: 512K 	chunk_size: 128M 	num_reg: 8  	lose cover RAM: 0G
[    0.000000]  gran_size: 512K 	chunk_size: 256M 	num_reg: 8  	lose cover RAM: 0G
[    0.000000]  gran_size: 512K 	chunk_size: 512M 	num_reg: 8  	lose cover RAM: 32G
[    0.000000]  gran_size: 512K 	chunk_size: 1G 	num_reg: 8  	lose cover RAM: 0G
[    0.000000]  gran_size: 512K 	chunk_size: 2G 	num_reg: 8  	lose cover RAM: 0G
[    0.000000]  gran_size: 1M 	chunk_size: 1M 	num_reg: 8  	lose cover RAM: 61443M
[    0.000000]  gran_size: 1M 	chunk_size: 2M 	num_reg: 8  	lose cover RAM: 0G
[    0.000000]  gran_size: 1M 	chunk_size: 4M 	num_reg: 8  	lose cover RAM: 0G
[    0.000000]  gran_size: 1M 	chunk_size: 8M 	num_reg: 8  	lose cover RAM: 0G
[    0.000000]  gran_size: 1M 	chunk_size: 16M 	num_reg: 8  	lose cover RAM: 0G
[    0.000000]  gran_size: 1M 	chunk_size: 32M 	num_reg: 8  	lose cover RAM: 0G
[    0.000000]  gran_size: 1M 	chunk_size: 64M 	num_reg: 8  	lose cover RAM: 0G
[    0.000000]  gran_size: 1M 	chunk_size: 128M 	num_reg: 8  	lose cover RAM: 0G
[    0.000000]  gran_size: 1M 	chunk_size: 256M 	num_reg: 8  	lose cover RAM: 0G
[    0.000000]  gran_size: 1M 	chunk_size: 512M 	num_reg: 8  	lose cover RAM: 32G
[    0.000000]  gran_size: 1M 	chunk_size: 1G 	num_reg: 8  	lose cover RAM: 0G
[    0.000000]  gran_size: 1M 	chunk_size: 2G 	num_reg: 8  	lose cover RAM: 0G
[    0.000000]  gran_size: 2M 	chunk_size: 2M 	num_reg: 8  	lose cover RAM: 61443M
[    0.000000]  gran_size: 2M 	chunk_size: 4M 	num_reg: 8  	lose cover RAM: 1M
[    0.000000]  gran_size: 2M 	chunk_size: 8M 	num_reg: 8  	lose cover RAM: 1M
[    0.000000]  gran_size: 2M 	chunk_size: 16M 	num_reg: 8  	lose cover RAM: 1M
[    0.000000]  gran_size: 2M 	chunk_size: 32M 	num_reg: 8  	lose cover RAM: 1M
[    0.000000]  gran_size: 2M 	chunk_size: 64M 	num_reg: 8  	lose cover RAM: 1M
[    0.000000]  gran_size: 2M 	chunk_size: 128M 	num_reg: 8  	lose cover RAM: 1M
[    0.000000]  gran_size: 2M 	chunk_size: 256M 	num_reg: 8  	lose cover RAM: 1M
[    0.000000]  gran_size: 2M 	chunk_size: 512M 	num_reg: 8  	lose cover RAM: 32769M
[    0.000000]  gran_size: 2M 	chunk_size: 1G 	num_reg: 8  	lose cover RAM: 1M
[    0.000000]  gran_size: 2M 	chunk_size: 2G 	num_reg: 8  	lose cover RAM: 1M
[    0.000000]  gran_size: 4M 	chunk_size: 4M 	num_reg: 8  	lose cover RAM: 61443M
[    0.000000]  gran_size: 4M 	chunk_size: 8M 	num_reg: 8  	lose cover RAM: 3M
[    0.000000]  gran_size: 4M 	chunk_size: 16M 	num_reg: 8  	lose cover RAM: 3M
[    0.000000]  gran_size: 4M 	chunk_size: 32M 	num_reg: 8  	lose cover RAM: 3M
[    0.000000]  gran_size: 4M 	chunk_size: 64M 	num_reg: 8  	lose cover RAM: 3M
[    0.000000]  gran_size: 4M 	chunk_size: 128M 	num_reg: 8  	lose cover RAM: 3M
[    0.000000]  gran_size: 4M 	chunk_size: 256M 	num_reg: 8  	lose cover RAM: 3M
[    0.000000]  gran_size: 4M 	chunk_size: 512M 	num_reg: 8  	lose cover RAM: 32771M
[    0.000000]  gran_size: 4M 	chunk_size: 1G 	num_reg: 8  	lose cover RAM: 3M
[    0.000000]  gran_size: 4M 	chunk_size: 2G 	num_reg: 8  	lose cover RAM: 3M
[    0.000000]  gran_size: 8M 	chunk_size: 8M 	num_reg: 8  	lose cover RAM: 57351M
[    0.000000]  gran_size: 8M 	chunk_size: 16M 	num_reg: 8  	lose cover RAM: 7M
[    0.000000]  gran_size: 8M 	chunk_size: 32M 	num_reg: 8  	lose cover RAM: 7M
[    0.000000]  gran_size: 8M 	chunk_size: 64M 	num_reg: 8  	lose cover RAM: 7M
[    0.000000]  gran_size: 8M 	chunk_size: 128M 	num_reg: 8  	lose cover RAM: 7M
[    0.000000]  gran_size: 8M 	chunk_size: 256M 	num_reg: 8  	lose cover RAM: 7M
[    0.000000]  gran_size: 8M 	chunk_size: 512M 	num_reg: 8  	lose cover RAM: 32775M
[    0.000000]  gran_size: 8M 	chunk_size: 1G 	num_reg: 8  	lose cover RAM: 7M
[    0.000000]  gran_size: 8M 	chunk_size: 2G 	num_reg: 8  	lose cover RAM: 7M
[    0.000000]  gran_size: 16M 	chunk_size: 16M 	num_reg: 8  	lose cover RAM: 49167M
[    0.000000]  gran_size: 16M 	chunk_size: 32M 	num_reg: 8  	lose cover RAM: 15M
[    0.000000]  gran_size: 16M 	chunk_size: 64M 	num_reg: 8  	lose cover RAM: 15M
[    0.000000]  gran_size: 16M 	chunk_size: 128M 	num_reg: 8  	lose cover RAM: 15M
[    0.000000]  gran_size: 16M 	chunk_size: 256M 	num_reg: 8  	lose cover RAM: 15M
[    0.000000]  gran_size: 16M 	chunk_size: 512M 	num_reg: 8  	lose cover RAM: 32783M
[    0.000000]  gran_size: 16M 	chunk_size: 1G 	num_reg: 8  	lose cover RAM: 15M
[    0.000000]  gran_size: 16M 	chunk_size: 2G 	num_reg: 8  	lose cover RAM: 15M
[    0.000000]  gran_size: 32M 	chunk_size: 32M 	num_reg: 8  	lose cover RAM: 32799M
[    0.000000]  gran_size: 32M 	chunk_size: 64M 	num_reg: 8  	lose cover RAM: 31M
[    0.000000]  gran_size: 32M 	chunk_size: 128M 	num_reg: 8  	lose cover RAM: 31M
[    0.000000]  gran_size: 32M 	chunk_size: 256M 	num_reg: 8  	lose cover RAM: 31M
[    0.000000]  gran_size: 32M 	chunk_size: 512M 	num_reg: 8  	lose cover RAM: 32799M
[    0.000000]  gran_size: 32M 	chunk_size: 1G 	num_reg: 8  	lose cover RAM: 31M
[    0.000000]  gran_size: 32M 	chunk_size: 2G 	num_reg: 8  	lose cover RAM: 31M
[    0.000000]  gran_size: 64M 	chunk_size: 64M 	num_reg: 8  	lose cover RAM: 63M
[    0.000000]  gran_size: 64M 	chunk_size: 128M 	num_reg: 8  	lose cover RAM: 63M
[    0.000000]  gran_size: 64M 	chunk_size: 256M 	num_reg: 8  	lose cover RAM: 63M
[    0.000000]  gran_size: 64M 	chunk_size: 512M 	num_reg: 8  	lose cover RAM: 32831M
[    0.000000]  gran_size: 64M 	chunk_size: 1G 	num_reg: 8  	lose cover RAM: 63M
[    0.000000]  gran_size: 64M 	chunk_size: 2G 	num_reg: 8  	lose cover RAM: 63M
[    0.000000]  gran_size: 128M 	chunk_size: 128M 	num_reg: 7  	lose cover RAM: 127M
[    0.000000]  gran_size: 128M 	chunk_size: 256M 	num_reg: 8  	lose cover RAM: 127M
[    0.000000]  gran_size: 128M 	chunk_size: 512M 	num_reg: 8  	lose cover RAM: 32895M
[    0.000000]  gran_size: 128M 	chunk_size: 1G 	num_reg: 8  	lose cover RAM: 127M
[    0.000000]  gran_size: 128M 	chunk_size: 2G 	num_reg: 8  	lose cover RAM: 127M
[    0.000000]  gran_size: 256M 	chunk_size: 256M 	num_reg: 6  	lose cover RAM: 255M
[    0.000000]  gran_size: 256M 	chunk_size: 512M 	num_reg: 6  	lose cover RAM: 255M
[    0.000000]  gran_size: 256M 	chunk_size: 1G 	num_reg: 6  	lose cover RAM: 255M
[    0.000000]  gran_size: 256M 	chunk_size: 2G 	num_reg: 6  	lose cover RAM: 255M
[    0.000000]  gran_size: 512M 	chunk_size: 512M 	num_reg: 6  	lose cover RAM: 255M
[    0.000000]  gran_size: 512M 	chunk_size: 1G 	num_reg: 6  	lose cover RAM: 255M
[    0.000000]  gran_size: 512M 	chunk_size: 2G 	num_reg: 6  	lose cover RAM: 255M
[    0.000000]  gran_size: 1G 	chunk_size: 1G 	num_reg: 6  	lose cover RAM: 255M
[    0.000000]  gran_size: 1G 	chunk_size: 2G 	num_reg: 6  	lose cover RAM: 255M
[    0.000000]  gran_size: 2G 	chunk_size: 2G 	num_reg: 5  	lose cover RAM: 1279M
[    0.000000] mtrr_cleanup: can not find optimal value
[    0.000000] please specify mtrr_gran_size/mtrr_chunk_size
[    0.000000] e820 update range: 00000000cff00000 - 0000000100000000 (usable) ==> (reserved)
[    0.000000] last_pfn = 0xcfdff max_arch_pfn = 0x400000000
[    0.000000] found SMP MP-table at [ffff8800000fe710] fe710
[    0.000000] initial memory mapped : 0 - 20000000
[    0.000000] Base memory trampoline at [ffff880000099000] 99000 size 20480
[    0.000000] init_memory_mapping: 0000000000000000-00000000cfdff000
[    0.000000]  0000000000 - 00cfc00000 page 2M
[    0.000000]  00cfc00000 - 00cfdff000 page 4k
[    0.000000] kernel direct mapping tables up to cfdff000 @ 1fffa000-20000000
[    0.000000] init_memory_mapping: 0000000100000000-0000000128000000
[    0.000000]  0100000000 - 0128000000 page 2M
[    0.000000] kernel direct mapping tables up to 128000000 @ cfdfd000-cfdff000
[    0.000000] RAMDISK: 7efcb000 - 80000000
[    0.000000] ACPI: RSDP 00000000000fec00 00024 (v02 DELL  )
[    0.000000] ACPI: XSDT 00000000000fc5bd 00074 (v01 DELL    B9K     00000015 ASL  00000061)
[    0.000000] ACPI: FACP 00000000000fc6ed 000F4 (v03 DELL    B9K     00000015 ASL  00000061)
[    0.000000] ACPI: DSDT 00000000fff78ba8 045A0 (v01   DELL    dt_ex 00001000 INTL 20050624)
[    0.000000] ACPI: FACS 00000000cfdff800 00040
[    0.000000] ACPI: SSDT 00000000fff7d267 000AA (v01   DELL    st_ex 00001000 INTL 20050624)
[    0.000000] ACPI: APIC 00000000000fc7e1 00092 (v01 DELL    B9K     00000015 ASL  00000061)
[    0.000000] ACPI: BOOT 00000000000fc873 00028 (v01 DELL    B9K     00000015 ASL  00000061)
[    0.000000] ACPI: ASF! 00000000000fc89b 00096 (v32 DELL    B9K     00000015 ASL  00000061)
[    0.000000] ACPI: MCFG 00000000000fc931 0003E (v01 DELL    B9K     00000015 ASL  00000061)
[    0.000000] ACPI: HPET 00000000000fc96f 00038 (v01 DELL    B9K     00000015 ASL  00000061)
[    0.000000] ACPI: TCPA 00000000000fcbcb 00032 (v01 DELL    B9K     00000015 ASL  00000061)
[    0.000000] ACPI: ____ 00000000000fcbfd 00030 (v01 DELL    B9K     00000015 ASL  00000061)
[    0.000000] ACPI: SLIC 00000000000fc9a7 00176 (v01 DELL    B9K     00000015 ASL  00000061)
[    0.000000] ACPI: Local APIC address 0xfee00000
[    0.000000] No NUMA configuration found
[    0.000000] Faking a node at 0000000000000000-0000000128000000
[    0.000000] Initmem setup node 0 0000000000000000-0000000128000000
[    0.000000]   NODE_DATA [0000000127ffb000 - 0000000127ffffff]
[    0.000000]  [ffffea0000000000-ffffea00049fffff] PMD -> [ffff880123800000-ffff8801275fffff] on node 0
[    0.000000] Zone PFN ranges:
[    0.000000]   DMA      0x00000010 -> 0x00001000
[    0.000000]   DMA32    0x00001000 -> 0x00100000
[    0.000000]   Normal   0x00100000 -> 0x00128000
[    0.000000] Movable zone start PFN for each node
[    0.000000] early_node_map[3] active PFN ranges
[    0.000000]     0: 0x00000010 -> 0x0000009e
[    0.000000]     0: 0x00000100 -> 0x000cfdff
[    0.000000]     0: 0x00100000 -> 0x00128000
[    0.000000] On node 0 totalpages: 1015181
[    0.000000]   DMA zone: 64 pages used for memmap
[    0.000000]   DMA zone: 5 pages reserved
[    0.000000]   DMA zone: 3913 pages, LIFO batch:0
[    0.000000]   DMA32 zone: 16320 pages used for memmap
[    0.000000]   DMA32 zone: 831039 pages, LIFO batch:31
[    0.000000]   Normal zone: 2560 pages used for memmap
[    0.000000]   Normal zone: 161280 pages, LIFO batch:31
[    0.000000] ACPI: PM-Timer IO Port: 0x808
[    0.000000] ACPI: Local APIC address 0xfee00000
[    0.000000] ACPI: LAPIC (acpi_id[0x01] lapic_id[0x00] enabled)
[    0.000000] ACPI: LAPIC (acpi_id[0x02] lapic_id[0x01] enabled)
[    0.000000] ACPI: LAPIC (acpi_id[0x03] lapic_id[0x05] disabled)
[    0.000000] ACPI: LAPIC (acpi_id[0x04] lapic_id[0x07] disabled)
[    0.000000] ACPI: LAPIC (acpi_id[0x05] lapic_id[0x00] disabled)
[    0.000000] ACPI: LAPIC (acpi_id[0x06] lapic_id[0x01] disabled)
[    0.000000] ACPI: LAPIC (acpi_id[0x07] lapic_id[0x02] disabled)
[    0.000000] ACPI: LAPIC (acpi_id[0x08] lapic_id[0x03] disabled)
[    0.000000] ACPI: LAPIC_NMI (acpi_id[0xff] high level lint[0x1])
[    0.000000] ACPI: IOAPIC (id[0x08] address[0xfec00000] gsi_base[0])
[    0.000000] IOAPIC[0]: apic_id 8, version 32, address 0xfec00000, GSI 0-23
[    0.000000] ACPI: INT_SRC_OVR (bus 0 bus_irq 0 global_irq 2 dfl dfl)
[    0.000000] ACPI: INT_SRC_OVR (bus 0 bus_irq 9 global_irq 9 high level)
[    0.000000] ACPI: IRQ0 used by override.
[    0.000000] ACPI: IRQ2 used by override.
[    0.000000] ACPI: IRQ9 used by override.
[    0.000000] Using ACPI (MADT) for SMP configuration information
[    0.000000] ACPI: HPET id: 0x8086a301 base: 0xfed00000
[    0.000000] SMP: Allowing 8 CPUs, 6 hotplug CPUs
[    0.000000] nr_irqs_gsi: 40
[    0.000000] PM: Registered nosave memory: 000000000009e000 - 00000000000f0000
[    0.000000] PM: Registered nosave memory: 00000000000f0000 - 0000000000100000
[    0.000000] PM: Registered nosave memory: 00000000cfdff000 - 00000000cfe00000
[    0.000000] PM: Registered nosave memory: 00000000cfe00000 - 00000000cfe53000
[    0.000000] PM: Registered nosave memory: 00000000cfe53000 - 00000000cfe54000
[    0.000000] PM: Registered nosave memory: 00000000cfe54000 - 00000000cfe55000
[    0.000000] PM: Registered nosave memory: 00000000cfe55000 - 00000000cfe56000
[    0.000000] PM: Registered nosave memory: 00000000cfe56000 - 00000000d0000000
[    0.000000] PM: Registered nosave memory: 00000000d0000000 - 00000000e0000000
[    0.000000] PM: Registered nosave memory: 00000000e0000000 - 00000000f0000000
[    0.000000] PM: Registered nosave memory: 00000000f0000000 - 00000000fec00000
[    0.000000] PM: Registered nosave memory: 00000000fec00000 - 00000000fed00000
[    0.000000] PM: Registered nosave memory: 00000000fed00000 - 00000000fed20000
[    0.000000] PM: Registered nosave memory: 00000000fed20000 - 00000000feda0000
[    0.000000] PM: Registered nosave memory: 00000000feda0000 - 00000000fee00000
[    0.000000] PM: Registered nosave memory: 00000000fee00000 - 00000000fef00000
[    0.000000] PM: Registered nosave memory: 00000000fef00000 - 00000000ffb00000
[    0.000000] PM: Registered nosave memory: 00000000ffb00000 - 0000000100000000
[    0.000000] Allocating PCI resources starting at d0000000 (gap: d0000000:10000000)
[    0.000000] Booting paravirtualized kernel on bare hardware
[    0.000000] setup_percpu: NR_CPUS:256 nr_cpumask_bits:256 nr_cpu_ids:8 nr_node_ids:1
[    0.000000] PERCPU: Embedded 28 pages/cpu @ffff880127c00000 s83136 r8192 d23360 u262144
[    0.000000] pcpu-alloc: s83136 r8192 d23360 u262144 alloc=1*2097152
[    0.000000] pcpu-alloc: [0] 0 1 2 3 4 5 6 7 
[    0.000000] Built 1 zonelists in Node order, mobility grouping on.  Total pages: 996232
[    0.000000] Policy zone: Normal
[    0.000000] Kernel command line: auto BOOT_IMAGE=Ubuntu root=801 root=/dev/sda1 ro
[    0.000000] PID hash table entries: 4096 (order: 3, 32768 bytes)
[    0.000000] Checking aperture...
[    0.000000] No AGP bridge found
[    0.000000] Calgary: detecting Calgary via BIOS EBDA area
[    0.000000] Calgary: Unable to locate Rio Grande table in EBDA - bailing!
[    0.000000] Memory: 3897852k/4849664k available (6592k kernel code, 788940k absent, 162872k reserved, 6614k data, 924k init)
[    0.000000] SLUB: Genslabs=15, HWalign=64, Order=0-3, MinObjects=0, CPUs=8, Nodes=1
[    0.000000] Hierarchical RCU implementation.
[    0.000000] 	RCU dyntick-idle grace-period acceleration is enabled.
[    0.000000] NR_IRQS:16640 nr_irqs:744 16
[    0.000000] Console: colour VGA+ 80x25
[    0.000000] console [tty0] enabled
[    0.000000] allocated 32505856 bytes of page_cgroup
[    0.000000] please try 'cgroup_disable=memory' option if you don't want memory cgroups
[    0.000000] hpet clockevent registered
[    0.000000] Fast TSC calibration using PIT
[    0.000000] Detected 2659.896 MHz processor.
[    0.004005] Calibrating delay loop (skipped), value calculated using timer frequency.. 5319.79 BogoMIPS (lpj=10639584)
[    0.004086] pid_max: default: 32768 minimum: 301
[    0.008023] Security Framework initialized
[    0.008078] AppArmor: AppArmor initialized
[    0.008117] Yama: becoming mindful.
[    0.008492] Dentry cache hash table entries: 524288 (order: 10, 4194304 bytes)
[    0.010585] Inode-cache hash table entries: 262144 (order: 9, 2097152 bytes)
[    0.011645] Mount-cache hash table entries: 256
[    0.011854] Initializing cgroup subsys cpuacct
[    0.011899] Initializing cgroup subsys memory
[    0.011946] Initializing cgroup subsys devices
[    0.011985] Initializing cgroup subsys freezer
[    0.012009] Initializing cgroup subsys blkio
[    0.012055] Initializing cgroup subsys perf_event
[    0.012777] CPU: Physical Processor ID: 0
[    0.012816] CPU: Processor Core ID: 0
[    0.012855] mce: CPU supports 6 MCE banks
[    0.012900] CPU0: Thermal monitoring enabled (TM2)
[    0.012943] using mwait in idle threads.
[    0.015232] ACPI: Core revision 20110623
[    0.141543] ftrace: allocating 26602 entries in 105 pages
[    0.144414] ..TIMER: vector=0x30 apic1=0 pin1=2 apic2=-1 pin2=-1
[    0.186984] CPU0: Intel(R) Core(TM)2 Duo CPU     E6750  @ 2.66GHz stepping 0b
[    0.188011] Performance Events: PEBS fmt0+, Core2 events, Intel PMU driver.
[    0.188011] PEBS disabled due to CPU errata.
[    0.188011] ... version:                2
[    0.188011] ... bit width:              40
[    0.188011] ... generic registers:      2
[    0.188011] ... value mask:             000000ffffffffff
[    0.188011] ... max period:             000000007fffffff
[    0.188011] ... fixed-purpose events:   3
[    0.188011] ... event mask:             0000000700000003
[    0.188011] NMI watchdog enabled, takes one hw-pmu counter.
[    0.188011] Booting Node   0, Processors  #1
[    0.188011] smpboot cpu 1: start_ip = 99000
[    0.276045] NMI watchdog enabled, takes one hw-pmu counter.
[    0.276126] Brought up 2 CPUs
[    0.276165] Total of 2 processors activated (10639.71 BogoMIPS).
[    0.277895] devtmpfs: initialized
[    0.277895] EVM: security.selinux
[    0.277895] EVM: security.SMACK64
[    0.277895] EVM: security.capability
[    0.277895] PM: Registering ACPI NVS region at cfdff800 (345088 bytes)
[    0.277895] print_constraints: dummy: 
[    0.277895] RTC time: 17:46:41, date: 03/05/14
[    0.277895] NET: Registered protocol family 16
[    0.280082] Trying to unpack rootfs image as initramfs...
[    0.280088] ACPI FADT declares the system doesn't support PCIe ASPM, so disable it
[    0.280139] ACPI: bus type pci registered
[    0.280233] PCI: MMCONFIG for domain 0000 [bus 00-ff] at [mem 0xe0000000-0xefffffff] (base 0xe0000000)
[    0.280286] PCI: MMCONFIG at [mem 0xe0000000-0xefffffff] reserved in E820
[    0.317047] PCI: Using configuration type 1 for base access
[    0.318672] bio: create slab <bio-0> at 0
[    0.318919] ACPI: Added _OSI(Module Device)
[    0.318919] ACPI: Added _OSI(Processor Device)
[    0.318919] ACPI: Added _OSI(3.0 _SCP Extensions)
[    0.318919] ACPI: Added _OSI(Processor Aggregator Device)
[    0.318919] ACPI: EC: Look up EC in DSDT
[    0.348508] [Firmware Bug]: ACPI: BIOS _OSI(Linux) query ignored
[    0.380358] ACPI Warning: Incorrect checksum in table [TCPA] - 0x00, should be 0x87 (20110623/tbutils-314)
[    0.381859] ACPI: Interpreter enabled
[    0.381899] ACPI: (supports S0 S1 S3 S4 S5)
[    0.382088] ACPI: Using IOAPIC for interrupt routing
[    0.527545] ACPI: ACPI Dock Station Driver: 1 docks/bays found
[    0.527589] HEST: Table not found.
[    0.528035] PCI: Using host bridge windows from ACPI; if necessary, use "pci=nocrs" and report a bug
[    0.572070] ACPI: PCI Root Bridge [PCI0] (domain 0000 [bus 00-ff])
[    0.660071] pci_root PNP0A03:00: host bridge window [io  0x0000-0x0cf7]
[    0.660117] pci_root PNP0A03:00: host bridge window [io  0x0d00-0xffff]
[    0.660158] pci_root PNP0A03:00: host bridge window [mem 0x000a0000-0x000bffff]
[    0.660207] pci_root PNP0A03:00: host bridge window [mem 0x000c0000-0x000effff]
[    0.660256] pci_root PNP0A03:00: host bridge window [mem 0x000f0000-0x000fffff]
[    0.660305] pci_root PNP0A03:00: host bridge window [mem 0xf0000000-0xfec00000]
[    0.660354] pci_root PNP0A03:00: host bridge window [mem 0xcff00000-0xdfffffff]
[    0.660403] pci_root PNP0A03:00: host bridge window [mem 0xff980800-0xff980bff]
[    0.660453] pci_root PNP0A03:00: host bridge window [mem 0xff97c000-0xff97ffff]
[    0.660501] pci_root PNP0A03:00: host bridge window [mem 0xfed20000-0xfed9ffff]
[    0.660550] pci_root PNP0A03:00: host bridge window [mem 0xfedad800-0xfedadfff]
[    0.660616] pci 0000:00:00.0: [8086:29b0] type 0 class 0x000600
[    0.660656] pci 0000:00:01.0: [8086:29b1] type 1 class 0x000604
[    0.660689] pci 0000:00:01.0: PME# supported from D0 D3hot D3cold
[    0.660693] pci 0000:00:01.0: PME# disabled
[    0.660728] pci 0000:00:19.0: [8086:10bd] type 0 class 0x000200
[    0.660744] pci 0000:00:19.0: reg 10: [mem 0xfebe0000-0xfebfffff]
[    0.660751] pci 0000:00:19.0: reg 14: [mem 0xfebdb000-0xfebdbfff]
[    0.660759] pci 0000:00:19.0: reg 18: [io  0xecc0-0xecdf]
[    0.660815] pci 0000:00:19.0: PME# supported from D0 D3hot D3cold
[    0.660819] pci 0000:00:19.0: PME# disabled
[    0.660839] pci 0000:00:1a.0: [8086:2937] type 0 class 0x000c03
[    0.660876] pci 0000:00:1a.0: reg 20: [io  0xff20-0xff3f]
[    0.660921] pci 0000:00:1a.1: [8086:2938] type 0 class 0x000c03
[    0.660958] pci 0000:00:1a.1: reg 20: [io  0xff00-0xff1f]
[    0.661012] pci 0000:00:1a.7: [8086:293c] type 0 class 0x000c03
[    0.661030] pci 0000:00:1a.7: reg 10: [mem 0xfebd9c00-0xfebd9fff]
[    0.661112] pci 0000:00:1a.7: PME# supported from D0 D3hot D3cold
[    0.661116] pci 0000:00:1a.7: PME# disabled
[    0.661137] pci 0000:00:1b.0: [8086:293e] type 0 class 0x000403
[    0.661150] pci 0000:00:1b.0: reg 10: [mem 0xfebdc000-0xfebdffff 64bit]
[    0.661210] pci 0000:00:1b.0: PME# supported from D0 D3hot D3cold
[    0.661214] pci 0000:00:1b.0: PME# disabled
[    0.661232] pci 0000:00:1c.0: [8086:2940] type 1 class 0x000604
[    0.661291] pci 0000:00:1c.0: PME# supported from D0 D3hot D3cold
[    0.661294] pci 0000:00:1c.0: PME# disabled
[    0.661321] pci 0000:00:1d.0: [8086:2934] type 0 class 0x000c03
[    0.661358] pci 0000:00:1d.0: reg 20: [io  0xff80-0xff9f]
[    0.661403] pci 0000:00:1d.1: [8086:2935] type 0 class 0x000c03
[    0.661441] pci 0000:00:1d.1: reg 20: [io  0xff60-0xff7f]
[    0.661486] pci 0000:00:1d.2: [8086:2936] type 0 class 0x000c03
[    0.661523] pci 0000:00:1d.2: reg 20: [io  0xff40-0xff5f]
[    0.661577] pci 0000:00:1d.7: [8086:293a] type 0 class 0x000c03
[    0.661595] pci 0000:00:1d.7: reg 10: [mem 0xff980800-0xff980bff]
[    0.661677] pci 0000:00:1d.7: PME# supported from D0 D3hot D3cold
[    0.661681] pci 0000:00:1d.7: PME# disabled
[    0.661698] pci 0000:00:1e.0: [8086:244e] type 1 class 0x000604
[    0.661752] pci 0000:00:1f.0: [8086:2914] type 0 class 0x000601
[    0.661825] pci 0000:00:1f.0: ICH7 LPC Generic IO decode 1 PIO at 0c00 (mask 007f)
[    0.661875] pci 0000:00:1f.0: ICH7 LPC Generic IO decode 2 PIO at 00e0 (mask 0007)
[    0.661967] pci 0000:00:1f.2: [8086:2922] type 0 class 0x000106
[    0.661983] pci 0000:00:1f.2: reg 10: [io  0xfe00-0xfe07]
[    0.661990] pci 0000:00:1f.2: reg 14: [io  0xfe10-0xfe13]
[    0.661997] pci 0000:00:1f.2: reg 18: [io  0xfe20-0xfe27]
[    0.662004] pci 0000:00:1f.2: reg 1c: [io  0xfe30-0xfe33]
[    0.662011] pci 0000:00:1f.2: reg 20: [io  0xfec0-0xfedf]
[    0.662018] pci 0000:00:1f.2: reg 24: [mem 0xff970000-0xff9707ff]
[    0.662057] pci 0000:00:1f.2: PME# supported from D3hot
[    0.662060] pci 0000:00:1f.2: PME# disabled
[    0.662075] pci 0000:00:1f.3: [8086:2930] type 0 class 0x000c05
[    0.662088] pci 0000:00:1f.3: reg 10: [mem 0xfebd9b00-0xfebd9bff 64bit]
[    0.662106] pci 0000:00:1f.3: reg 20: [io  0xece0-0xecff]
[    0.662161] pci 0000:01:00.0: [10de:0402] type 0 class 0x000300
[    0.662171] pci 0000:01:00.0: reg 10: [mem 0xfd000000-0xfdffffff]
